Archive member included to satisfy reference by file (symbol)

/home/picard/Documents/riscv64-unknown-elf-gcc-8.3.0-2019.08.0-x86_64-linux-ubuntu14/bin/../lib/gcc/riscv64-unknown-elf/8.3.0/../../../../riscv64-unknown-elf/lib/rv32imac/ilp32/libc_nano.a(lib_a-puts.o)
                              /tmp/cc6B9DWf.o (puts)
/home/picard/Documents/riscv64-unknown-elf-gcc-8.3.0-2019.08.0-x86_64-linux-ubuntu14/bin/../lib/gcc/riscv64-unknown-elf/8.3.0/../../../../riscv64-unknown-elf/lib/rv32imac/ilp32/libc_nano.a(lib_a-wbuf.o)
                              /home/picard/Documents/riscv64-unknown-elf-gcc-8.3.0-2019.08.0-x86_64-linux-ubuntu14/bin/../lib/gcc/riscv64-unknown-elf/8.3.0/../../../../riscv64-unknown-elf/lib/rv32imac/ilp32/libc_nano.a(lib_a-puts.o) (__swbuf_r)
/home/picard/Documents/riscv64-unknown-elf-gcc-8.3.0-2019.08.0-x86_64-linux-ubuntu14/bin/../lib/gcc/riscv64-unknown-elf/8.3.0/../../../../riscv64-unknown-elf/lib/rv32imac/ilp32/libc_nano.a(lib_a-wsetup.o)
                              /home/picard/Documents/riscv64-unknown-elf-gcc-8.3.0-2019.08.0-x86_64-linux-ubuntu14/bin/../lib/gcc/riscv64-unknown-elf/8.3.0/../../../../riscv64-unknown-elf/lib/rv32imac/ilp32/libc_nano.a(lib_a-puts.o) (__swsetup_r)
/home/picard/Documents/riscv64-unknown-elf-gcc-8.3.0-2019.08.0-x86_64-linux-ubuntu14/bin/../lib/gcc/riscv64-unknown-elf/8.3.0/../../../../riscv64-unknown-elf/lib/rv32imac/ilp32/libc_nano.a(lib_a-fflush.o)
                              /home/picard/Documents/riscv64-unknown-elf-gcc-8.3.0-2019.08.0-x86_64-linux-ubuntu14/bin/../lib/gcc/riscv64-unknown-elf/8.3.0/../../../../riscv64-unknown-elf/lib/rv32imac/ilp32/libc_nano.a(lib_a-wbuf.o) (_fflush_r)
/home/picard/Documents/riscv64-unknown-elf-gcc-8.3.0-2019.08.0-x86_64-linux-ubuntu14/bin/../lib/gcc/riscv64-unknown-elf/8.3.0/../../../../riscv64-unknown-elf/lib/rv32imac/ilp32/libc_nano.a(lib_a-findfp.o)
                              /home/picard/Documents/riscv64-unknown-elf-gcc-8.3.0-2019.08.0-x86_64-linux-ubuntu14/bin/../lib/gcc/riscv64-unknown-elf/8.3.0/../../../../riscv64-unknown-elf/lib/rv32imac/ilp32/libc_nano.a(lib_a-puts.o) (__sinit)
/home/picard/Documents/riscv64-unknown-elf-gcc-8.3.0-2019.08.0-x86_64-linux-ubuntu14/bin/../lib/gcc/riscv64-unknown-elf/8.3.0/../../../../riscv64-unknown-elf/lib/rv32imac/ilp32/libc_nano.a(lib_a-fwalk.o)
                              /home/picard/Documents/riscv64-unknown-elf-gcc-8.3.0-2019.08.0-x86_64-linux-ubuntu14/bin/../lib/gcc/riscv64-unknown-elf/8.3.0/../../../../riscv64-unknown-elf/lib/rv32imac/ilp32/libc_nano.a(lib_a-findfp.o) (_fwalk)
/home/picard/Documents/riscv64-unknown-elf-gcc-8.3.0-2019.08.0-x86_64-linux-ubuntu14/bin/../lib/gcc/riscv64-unknown-elf/8.3.0/../../../../riscv64-unknown-elf/lib/rv32imac/ilp32/libc_nano.a(lib_a-impure.o)
                              /home/picard/Documents/riscv64-unknown-elf-gcc-8.3.0-2019.08.0-x86_64-linux-ubuntu14/bin/../lib/gcc/riscv64-unknown-elf/8.3.0/../../../../riscv64-unknown-elf/lib/rv32imac/ilp32/libc_nano.a(lib_a-fflush.o) (_global_impure_ptr)
/home/picard/Documents/riscv64-unknown-elf-gcc-8.3.0-2019.08.0-x86_64-linux-ubuntu14/bin/../lib/gcc/riscv64-unknown-elf/8.3.0/../../../../riscv64-unknown-elf/lib/rv32imac/ilp32/libc_nano.a(lib_a-makebuf.o)
                              /home/picard/Documents/riscv64-unknown-elf-gcc-8.3.0-2019.08.0-x86_64-linux-ubuntu14/bin/../lib/gcc/riscv64-unknown-elf/8.3.0/../../../../riscv64-unknown-elf/lib/rv32imac/ilp32/libc_nano.a(lib_a-wsetup.o) (__smakebuf_r)
/home/picard/Documents/riscv64-unknown-elf-gcc-8.3.0-2019.08.0-x86_64-linux-ubuntu14/bin/../lib/gcc/riscv64-unknown-elf/8.3.0/../../../../riscv64-unknown-elf/lib/rv32imac/ilp32/libc_nano.a(lib_a-memset.o)
                              /home/picard/Documents/riscv64-unknown-elf-gcc-8.3.0-2019.08.0-x86_64-linux-ubuntu14/bin/../lib/gcc/riscv64-unknown-elf/8.3.0/../../../../riscv64-unknown-elf/lib/rv32imac/ilp32/libc_nano.a(lib_a-findfp.o) (memset)
/home/picard/Documents/riscv64-unknown-elf-gcc-8.3.0-2019.08.0-x86_64-linux-ubuntu14/bin/../lib/gcc/riscv64-unknown-elf/8.3.0/../../../../riscv64-unknown-elf/lib/rv32imac/ilp32/libc_nano.a(lib_a-nano-freer.o)
                              /home/picard/Documents/riscv64-unknown-elf-gcc-8.3.0-2019.08.0-x86_64-linux-ubuntu14/bin/../lib/gcc/riscv64-unknown-elf/8.3.0/../../../../riscv64-unknown-elf/lib/rv32imac/ilp32/libc_nano.a(lib_a-wsetup.o) (_free_r)
/home/picard/Documents/riscv64-unknown-elf-gcc-8.3.0-2019.08.0-x86_64-linux-ubuntu14/bin/../lib/gcc/riscv64-unknown-elf/8.3.0/../../../../riscv64-unknown-elf/lib/rv32imac/ilp32/libc_nano.a(lib_a-nano-mallocr.o)
                              /home/picard/Documents/riscv64-unknown-elf-gcc-8.3.0-2019.08.0-x86_64-linux-ubuntu14/bin/../lib/gcc/riscv64-unknown-elf/8.3.0/../../../../riscv64-unknown-elf/lib/rv32imac/ilp32/libc_nano.a(lib_a-findfp.o) (_malloc_r)
[...]
Memory Configuration

Name             Origin             Length             Attributes
flash            0x0000000020010000 0x000000000006a120 axrl !w
itim             0x0000000008000000 0x0000000000002000 xw !arl
ram              0x0000000080000000 0x0000000000004000 axw !rl
*default*        0x0000000000000000 0xffffffffffffffff

Linker script and memory map

LOAD /tmp/cc6B9DWf.o
START GROUP
LOAD /home/picard/Documents/riscv64-unknown-elf-gcc-8.3.0-2019.08.0-x86_64-linux-ubuntu14/bin/../lib/gcc/riscv64-unknown-elf/8.3.0/../../../../riscv64-unknown-elf/lib/rv32imac/ilp32/libc_nano.a
LOAD /home/picard/Documents/riscv64-unknown-elf-gcc-8.3.0-2019.08.0-x86_64-linux-ubuntu14/bin/../lib/gcc/riscv64-unknown-elf/8.3.0/rv32imac/ilp32/libgcc.a
LOAD /home/picard/Documents/riscv64-unknown-elf-gcc-8.3.0-2019.08.0-x86_64-linux-ubuntu14/bin/../lib/gcc/riscv64-unknown-elf/8.3.0/../../../../riscv64-unknown-elf/lib/rv32imac/ilp32/libm.a
LOAD /home/picard/Documents/cleanflight/bsp/install/lib/debug//libmetal.a
LOAD /home/picard/Documents/cleanflight/bsp/install/lib/debug//libmetal-gloss.a
END GROUP
                0x0000000000000400                __stack_size = DEFINED (__stack_size)?__stack_size:0x400
                [!provide]                        PROVIDE (__stack_size = __stack_size)
                0x0000000000000800                __heap_size = DEFINED (__heap_size)?__heap_size:0x800
                0x0000000000000000                PROVIDE (__metal_boot_hart = 0x0)
                0x0000000000000000                PROVIDE (__metal_chicken_bit = 0x0)

.init           0x0000000020010000      0x194
 *(.text.metal.init.enter)
 .text.metal.init.enter
                0x0000000020010000       0x60 /home/picard/Documents/cleanflight/bsp/install/lib/debug//libmetal.a(libriscv__mmachine__sifive-hifive1-revb_a-entry.o)
                0x0000000020010000                _enter
 *(.text.metal.init.*)
 *fill*         0x0000000020010060        0x0 
 .text.metal.init.trapvec
                0x0000000020010060        0xe /home/picard/Documents/cleanflight/bsp/install/lib/debug//libmetal.a(libriscv__mmachine__sifive-hifive1-revb_a-entry.o)
 .text.metal.init.__register_frame_info
                0x000000002001006e        0x2 /home/picard/Documents/cleanflight/bsp/install/lib/debug//libmetal.a(libriscv__mmachine__sifive-hifive1-revb_a-entry.o)
                0x000000002001006e                __register_frame_info
 *(SORT_NONE(.init))
 .init          0x0000000020010070        0xe /home/picard/Documents/cleanflight/bsp/install/lib/debug//libmetal.a(libriscv__mmachine__sifive-hifive1-revb_a-synchronize_harts.o)
                0x0000000020010070                __metal_synchronize_harts
 *(.text.libgloss.start)
 .text.libgloss.start
                0x000000002001007e      0x116 /home/picard/Documents/cleanflight/bsp/install/lib/debug//libmetal-gloss.a(crt0.o)
                0x000000002001007e                _start
                0x0000000020010174                _init
                0x0000000020010174                _fini
                0x0000000020010176                secondary_main

.fini
 *(SORT_NONE(.fini))

.text           0x0000000020010200     0x5244
 *(.text.unlikely .text.unlikely.*)
 *(.text.startup .text.startup.*)
 *(.text .text.*)
 .text.main     0x0000000020010200       0x1e /tmp/cc6B9DWf.o
                0x0000000020010200                main
 .text._puts_r  0x000000002001021e       0xda /home/picard/Documents/riscv64-unknown-elf-gcc-8.3.0-2019.08.0-x86_64-linux-ubuntu14/bin/../lib/gcc/riscv64-unknown-elf/8.3.0/../../../../riscv64-unknown-elf/lib/rv32imac/ilp32/libc_nano.a(lib_a-puts.o)
                0x000000002001021e                _puts_r
 .text.puts     0x00000000200102f8        0xe /home/picard/Documents/riscv64-unknown-elf-gcc-8.3.0-2019.08.0-x86_64-linux-ubuntu14/bin/../lib/gcc/riscv64-unknown-elf/8.3.0/../../../../riscv64-unknown-elf/lib/rv32imac/ilp32/libc_nano.a(lib_a-puts.o)
                0x00000000200102f8                puts
 .text.__swbuf_r
                0x0000000020010306       0xc0 /home/picard/Documents/riscv64-unknown-elf-gcc-8.3.0-2019.08.0-x86_64-linux-ubuntu14/bin/../lib/gcc/riscv64-unknown-elf/8.3.0/../../../../riscv64-unknown-elf/lib/rv32imac/ilp32/libc_nano.a(lib_a-wbuf.o)
                0x0000000020010306                __swbuf_r
 .text.__swsetup_r
                0x00000000200103c6      0x110 /home/picard/Documents/riscv64-unknown-elf-gcc-8.3.0-2019.08.0-x86_64-linux-ubuntu14/bin/../lib/gcc/riscv64-unknown-elf/8.3.0/../../../../riscv64-unknown-elf/lib/rv32imac/ilp32/libc_nano.a(lib_a-wsetup.o)
                0x00000000200103c6                __swsetup_r
 .text.__sflush_r
                0x00000000200104d6      0x14a /home/picard/Documents/riscv64-unknown-elf-gcc-8.3.0-2019.08.0-x86_64-linux-ubuntu14/bin/../lib/gcc/riscv64-unknown-elf/8.3.0/../../../../riscv64-unknown-elf/lib/rv32imac/ilp32/libc_nano.a(lib_a-fflush.o)
                0x00000000200104d6                __sflush_r
 .text._fflush_r
                0x0000000020010620       0x64 /home/picard/Documents/riscv64-unknown-elf-gcc-8.3.0-2019.08.0-x86_64-linux-ubuntu14/bin/../lib/gcc/riscv64-unknown-elf/8.3.0/../../../../riscv64-unknown-elf/lib/rv32imac/ilp32/libc_nano.a(lib_a-fflush.o)
                0x0000000020010620                _fflush_r
 .text.std      0x0000000020010684       0x68 /home/picard/Documents/riscv64-unknown-elf-gcc-8.3.0-2019.08.0-x86_64-linux-ubuntu14/bin/../lib/gcc/riscv64-unknown-elf/8.3.0/../../../../riscv64-unknown-elf/lib/rv32imac/ilp32/libc_nano.a(lib_a-findfp.o)
 .text._cleanup_r
                0x00000000200106ec        0xa /home/picard/Documents/riscv64-unknown-elf-gcc-8.3.0-2019.08.0-x86_64-linux-ubuntu14/bin/../lib/gcc/riscv64-unknown-elf/8.3.0/../../../../riscv64-unknown-elf/lib/rv32imac/ilp32/libc_nano.a(lib_a-findfp.o)
                0x00000000200106ec                _cleanup_r
 .text.__sfmoreglue
                0x00000000200106f6       0x44 /home/picard/Documents/riscv64-unknown-elf-gcc-8.3.0-2019.08.0-x86_64-linux-ubuntu14/bin/../lib/gcc/riscv64-unknown-elf/8.3.0/../../../../riscv64-unknown-elf/lib/rv32imac/ilp32/libc_nano.a(lib_a-findfp.o)
                0x00000000200106f6                __sfmoreglue
 .text.__sinit  0x000000002001073a       0x6a /home/picard/Documents/riscv64-unknown-elf-gcc-8.3.0-2019.08.0-x86_64-linux-ubuntu14/bin/../lib/gcc/riscv64-unknown-elf/8.3.0/../../../../riscv64-unknown-elf/lib/rv32imac/ilp32/libc_nano.a(lib_a-findfp.o)
                0x000000002001073a                __sinit
 .text.__sfp    0x00000000200107a4       0x9e /home/picard/Documents/riscv64-unknown-elf-gcc-8.3.0-2019.08.0-x86_64-linux-ubuntu14/bin/../lib/gcc/riscv64-unknown-elf/8.3.0/../../../../riscv64-unknown-elf/lib/rv32imac/ilp32/libc_nano.a(lib_a-findfp.o)
                0x00000000200107a4                __sfp
 .text._fwalk_reent
                0x0000000020010842       0x6c /home/picard/Documents/riscv64-unknown-elf-gcc-8.3.0-2019.08.0-x86_64-linux-ubuntu14/bin/../lib/gcc/riscv64-unknown-elf/8.3.0/../../../../riscv64-unknown-elf/lib/rv32imac/ilp32/libc_nano.a(lib_a-fwalk.o)
                0x0000000020010842                _fwalk_reent
 .text.__swhatbuf_r
                0x00000000200108ae       0x58 /home/picard/Documents/riscv64-unknown-elf-gcc-8.3.0-2019.08.0-x86_64-linux-ubuntu14/bin/../lib/gcc/riscv64-unknown-elf/8.3.0/../../../../riscv64-unknown-elf/lib/rv32imac/ilp32/libc_nano.a(lib_a-makebuf.o)
                0x00000000200108ae                __swhatbuf_r
 .text.__smakebuf_r
                0x0000000020010906       0x9c /home/picard/Documents/riscv64-unknown-elf-gcc-8.3.0-2019.08.0-x86_64-linux-ubuntu14/bin/../lib/gcc/riscv64-unknown-elf/8.3.0/../../../../riscv64-unknown-elf/lib/rv32imac/ilp32/libc_nano.a(lib_a-makebuf.o)
                0x0000000020010906                __smakebuf_r
 .text          0x00000000200109a2       0xa8 /home/picard/Documents/riscv64-unknown-elf-gcc-8.3.0-2019.08.0-x86_64-linux-ubuntu14/bin/../lib/gcc/riscv64-unknown-elf/8.3.0/../../../../riscv64-unknown-elf/lib/rv32imac/ilp32/libc_nano.a(lib_a-memset.o)
                0x00000000200109a2                memset
 .text._free_r  0x0000000020010a4a       0xac /home/picard/Documents/riscv64-unknown-elf-gcc-8.3.0-2019.08.0-x86_64-linux-ubuntu14/bin/../lib/gcc/riscv64-unknown-elf/8.3.0/../../../../riscv64-unknown-elf/lib/rv32imac/ilp32/libc_nano.a(lib_a-nano-freer.o)
                0x0000000020010a4a                _free_r
 .text._malloc_r
                0x0000000020010af6       0xde /home/picard/Documents/riscv64-unknown-elf-gcc-8.3.0-2019.08.0-x86_64-linux-ubuntu14/bin/../lib/gcc/riscv64-unknown-elf/8.3.0/../../../../riscv64-unknown-elf/lib/rv32imac/ilp32/libc_nano.a(lib_a-nano-mallocr.o)
                0x0000000020010af6                _malloc_r
 .text._sbrk_r  0x0000000020010bd4       0x28 /home/picard/Documents/riscv64-unknown-elf-gcc-8.3.0-2019.08.0-x86_64-linux-ubuntu14/bin/../lib/gcc/riscv64-unknown-elf/8.3.0/../../../../riscv64-unknown-elf/lib/rv32imac/ilp32/libc_nano.a(lib_a-sbrkr.o)
                0x0000000020010bd4                _sbrk_r
 .text.__sread  0x0000000020010bfc       0x30 /home/picard/Documents/riscv64-unknown-elf-gcc-8.3.0-2019.08.0-x86_64-linux-ubuntu14/bin/../lib/gcc/riscv64-unknown-elf/8.3.0/../../../../riscv64-unknown-elf/lib/rv32imac/ilp32/libc_nano.a(lib_a-stdio.o)
                0x0000000020010bfc                __sread
 .text.__swrite
                0x0000000020010c2c       0x4e /home/picard/Documents/riscv64-unknown-elf-gcc-8.3.0-2019.08.0-x86_64-linux-ubuntu14/bin/../lib/gcc/riscv64-unknown-elf/8.3.0/../../../../riscv64-unknown-elf/lib/rv32imac/ilp32/libc_nano.a(lib_a-stdio.o)
                0x0000000020010c2c                __swrite
 .text.__sseek  0x0000000020010c7a       0x36 /home/picard/Documents/riscv64-unknown-elf-gcc-8.3.0-2019.08.0-x86_64-linux-ubuntu14/bin/../lib/gcc/riscv64-unknown-elf/8.3.0/../../../../riscv64-unknown-elf/lib/rv32imac/ilp32/libc_nano.a(lib_a-stdio.o)
                0x0000000020010c7a                __sseek
 .text.__sclose
                0x0000000020010cb0        0x6 /home/picard/Documents/riscv64-unknown-elf-gcc-8.3.0-2019.08.0-x86_64-linux-ubuntu14/bin/../lib/gcc/riscv64-unknown-elf/8.3.0/../../../../riscv64-unknown-elf/lib/rv32imac/ilp32/libc_nano.a(lib_a-stdio.o)
                0x0000000020010cb0                __sclose
 .text._write_r
                0x0000000020010cb6       0x2c /home/picard/Documents/riscv64-unknown-elf-gcc-8.3.0-2019.08.0-x86_64-linux-ubuntu14/bin/../lib/gcc/riscv64-unknown-elf/8.3.0/../../../../riscv64-unknown-elf/lib/rv32imac/ilp32/libc_nano.a(lib_a-writer.o)
                0x0000000020010cb6                _write_r
 .text._close_r
                0x0000000020010ce2       0x28 /home/picard/Documents/riscv64-unknown-elf-gcc-8.3.0-2019.08.0-x86_64-linux-ubuntu14/bin/../lib/gcc/riscv64-unknown-elf/8.3.0/../../../../riscv64-unknown-elf/lib/rv32imac/ilp32/libc_nano.a(lib_a-closer.o)
                0x0000000020010ce2                _close_r
 .text._fstat_r
                0x0000000020010d0a       0x2a /home/picard/Documents/riscv64-unknown-elf-gcc-8.3.0-2019.08.0-x86_64-linux-ubuntu14/bin/../lib/gcc/riscv64-unknown-elf/8.3.0/../../../../riscv64-unknown-elf/lib/rv32imac/ilp32/libc_nano.a(lib_a-fstatr.o)
                0x0000000020010d0a                _fstat_r
 .text._isatty_r
                0x0000000020010d34       0x28 /home/picard/Documents/riscv64-unknown-elf-gcc-8.3.0-2019.08.0-x86_64-linux-ubuntu14/bin/../lib/gcc/riscv64-unknown-elf/8.3.0/../../../../riscv64-unknown-elf/lib/rv32imac/ilp32/libc_nano.a(lib_a-isattyr.o)
                0x0000000020010d34                _isatty_r
 .text._lseek_r
                0x0000000020010d5c       0x2c /home/picard/Documents/riscv64-unknown-elf-gcc-8.3.0-2019.08.0-x86_64-linux-ubuntu14/bin/../lib/gcc/riscv64-unknown-elf/8.3.0/../../../../riscv64-unknown-elf/lib/rv32imac/ilp32/libc_nano.a(lib_a-lseekr.o)
                0x0000000020010d5c                _lseek_r
 .text.__malloc_lock
                0x0000000020010d88        0x2 /home/picard/Documents/riscv64-unknown-elf-gcc-8.3.0-2019.08.0-x86_64-linux-ubuntu14/bin/../lib/gcc/riscv64-unknown-elf/8.3.0/../../../../riscv64-unknown-elf/lib/rv32imac/ilp32/libc_nano.a(lib_a-mlock.o)
                0x0000000020010d88                __malloc_lock
 .text.__malloc_unlock
                0x0000000020010d8a        0x2 /home/picard/Documents/riscv64-unknown-elf-gcc-8.3.0-2019.08.0-x86_64-linux-ubuntu14/bin/../lib/gcc/riscv64-unknown-elf/8.3.0/../../../../riscv64-unknown-elf/lib/rv32imac/ilp32/libc_nano.a(lib_a-mlock.o)
                0x0000000020010d8a                __malloc_unlock
 .text._read_r  0x0000000020010d8c       0x2c /home/picard/Documents/riscv64-unknown-elf-gcc-8.3.0-2019.08.0-x86_64-linux-ubuntu14/bin/../lib/gcc/riscv64-unknown-elf/8.3.0/../../../../riscv64-unknown-elf/lib/rv32imac/ilp32/libc_nano.a(lib_a-readr.o)
                0x0000000020010d8c                _read_r
 .text._close   0x0000000020010db8       0x22 /home/picard/Documents/cleanflight/bsp/install/lib/debug//libmetal-gloss.a(sys_close.o)
                0x0000000020010db8                _close
 .text._fstat   0x0000000020010dda       0x26 /home/picard/Documents/cleanflight/bsp/install/lib/debug//libmetal-gloss.a(sys_fstat.o)
                0x0000000020010dda                _fstat
 .text._isatty  0x0000000020010e00       0x20 /home/picard/Documents/cleanflight/bsp/install/lib/debug//libmetal-gloss.a(sys_isatty.o)
                0x0000000020010e00                _isatty
 .text._lseek   0x0000000020010e20       0x2a /home/picard/Documents/cleanflight/bsp/install/lib/debug//libmetal-gloss.a(sys_lseek.o)
                0x0000000020010e20                _lseek
 .text._read    0x0000000020010e4a       0x2a /home/picard/Documents/cleanflight/bsp/install/lib/debug//libmetal-gloss.a(sys_read.o)
                0x0000000020010e4a                _read
 .text._sbrk    0x0000000020010e74       0x6e /home/picard/Documents/cleanflight/bsp/install/lib/debug//libmetal-gloss.a(sys_sbrk.o)
                0x0000000020010e74                _sbrk
 .text._write   0x0000000020010ee2       0x6e /home/picard/Documents/cleanflight/bsp/install/lib/debug//libmetal-gloss.a(sys_write.o)
                0x0000000020010ee2                _write
 .text.atexit   0x0000000020010f50        0xa /home/picard/Documents/riscv64-unknown-elf-gcc-8.3.0-2019.08.0-x86_64-linux-ubuntu14/bin/../lib/gcc/riscv64-unknown-elf/8.3.0/../../../../riscv64-unknown-elf/lib/rv32imac/ilp32/libc_nano.a(lib_a-atexit.o)
                0x0000000020010f50                atexit
 .text.__errno  0x0000000020010f5a        0xc /home/picard/Documents/riscv64-unknown-elf-gcc-8.3.0-2019.08.0-x86_64-linux-ubuntu14/bin/../lib/gcc/riscv64-unknown-elf/8.3.0/../../../../riscv64-unknown-elf/lib/rv32imac/ilp32/libc_nano.a(lib_a-errno.o)
                0x0000000020010f5a                __errno
 .text.exit     0x0000000020010f66       0x2c /home/picard/Documents/riscv64-unknown-elf-gcc-8.3.0-2019.08.0-x86_64-linux-ubuntu14/bin/../lib/gcc/riscv64-unknown-elf/8.3.0/../../../../riscv64-unknown-elf/lib/rv32imac/ilp32/libc_nano.a(lib_a-exit.o)
                0x0000000020010f66                exit
 .text.__libc_fini_array
                0x0000000020010f92       0x38 /home/picard/Documents/riscv64-unknown-elf-gcc-8.3.0-2019.08.0-x86_64-linux-ubuntu14/bin/../lib/gcc/riscv64-unknown-elf/8.3.0/../../../../riscv64-unknown-elf/lib/rv32imac/ilp32/libc_nano.a(lib_a-fini.o)
                0x0000000020010f92                __libc_fini_array
 .text.__libc_init_array
                0x0000000020010fca       0x6a /home/picard/Documents/riscv64-unknown-elf-gcc-8.3.0-2019.08.0-x86_64-linux-ubuntu14/bin/../lib/gcc/riscv64-unknown-elf/8.3.0/../../../../riscv64-unknown-elf/lib/rv32imac/ilp32/libc_nano.a(lib_a-init.o)
                0x0000000020010fca                __libc_init_array
 .text.__register_exitproc
                0x0000000020011034       0x88 /home/picard/Documents/riscv64-unknown-elf-gcc-8.3.0-2019.08.0-x86_64-linux-ubuntu14/bin/../lib/gcc/riscv64-unknown-elf/8.3.0/../../../../riscv64-unknown-elf/lib/rv32imac/ilp32/libc_nano.a(lib_a-__atexit.o)
                0x0000000020011034                __register_exitproc
 .text.__call_exitprocs
                0x00000000200110bc       0xc8 /home/picard/Documents/riscv64-unknown-elf-gcc-8.3.0-2019.08.0-x86_64-linux-ubuntu14/bin/../lib/gcc/riscv64-unknown-elf/8.3.0/../../../../riscv64-unknown-elf/lib/rv32imac/ilp32/libc_nano.a(lib_a-__call_atexit.o)
                0x00000000200110bc                __call_exitprocs
 .text.metal_tty_putc
                0x0000000020011184       0x2c /home/picard/Documents/cleanflight/bsp/install/lib/debug//libmetal.a(libriscv__mmachine__sifive-hifive1-revb_a-tty.o)
                0x0000000020011184                metal_tty_putc
 .text.metal_tty_putc_raw
                0x00000000200111b0       0x26 /home/picard/Documents/cleanflight/bsp/install/lib/debug//libmetal.a(libriscv__mmachine__sifive-hifive1-revb_a-tty.o)
                0x00000000200111b0                metal_tty_putc_raw
 .text.metal_tty_init
                0x00000000200111d6       0x22 /home/picard/Documents/cleanflight/bsp/install/lib/debug//libmetal.a(libriscv__mmachine__sifive-hifive1-revb_a-tty.o)
 .text.metal_uart_init
                0x00000000200111f8       0x2c /home/picard/Documents/cleanflight/bsp/install/lib/debug//libmetal.a(libriscv__mmachine__sifive-hifive1-revb_a-uart.o)
                0x00000000200111f8                metal_uart_init
 .text.metal_uart_putc
                0x0000000020011224       0x2e /home/picard/Documents/cleanflight/bsp/install/lib/debug//libmetal.a(libriscv__mmachine__sifive-hifive1-revb_a-uart.o)
                0x0000000020011224                metal_uart_putc
 .text.metal_uart_set_baud_rate
                0x0000000020011252       0x2e /home/picard/Documents/cleanflight/bsp/install/lib/debug//libmetal.a(libriscv__mmachine__sifive-hifive1-revb_a-uart.o)
                0x0000000020011252                metal_uart_set_baud_rate
 .text.__metal_driver_sifive_clint0_control_base
                0x0000000020011280       0x26 /home/picard/Documents/cleanflight/bsp/install/lib/debug//libmetal.a(libriscv__mmachine__sifive-hifive1-revb_a-riscv_clint0.o)
 .text.__metal_driver_sifive_clint0_num_interrupts
                0x00000000200112a6       0x24 /home/picard/Documents/cleanflight/bsp/install/lib/debug//libmetal.a(libriscv__mmachine__sifive-hifive1-revb_a-riscv_clint0.o)
 .text.__metal_driver_sifive_clint0_interrupt_parents
                0x00000000200112ca       0x3c /home/picard/Documents/cleanflight/bsp/install/lib/debug//libmetal.a(libriscv__mmachine__sifive-hifive1-revb_a-riscv_clint0.o)
 .text.__metal_driver_sifive_clint0_interrupt_lines
                0x0000000020011306       0x30 /home/picard/Documents/cleanflight/bsp/install/lib/debug//libmetal.a(libriscv__mmachine__sifive-hifive1-revb_a-riscv_clint0.o)
 .text.__metal_clint0_mtime_get
                0x0000000020011336       0x9a /home/picard/Documents/cleanflight/bsp/install/lib/debug//libmetal.a(libriscv__mmachine__sifive-hifive1-revb_a-riscv_clint0.o)
                0x0000000020011336                __metal_clint0_mtime_get
 .text.__metal_driver_riscv_clint0_mtimecmp_set
                0x00000000200113d0       0x96 /home/picard/Documents/cleanflight/bsp/install/lib/debug//libmetal.a(libriscv__mmachine__sifive-hifive1-revb_a-riscv_clint0.o)
                0x00000000200113d0                __metal_driver_riscv_clint0_mtimecmp_set
 .text._get_cpu_intc
                0x0000000020011466       0x36 /home/picard/Documents/cleanflight/bsp/install/lib/debug//libmetal.a(libriscv__mmachine__sifive-hifive1-revb_a-riscv_clint0.o)
 .text.__metal_driver_riscv_clint0_init
                0x000000002001149c       0x88 /home/picard/Documents/cleanflight/bsp/install/lib/debug//libmetal.a(libriscv__mmachine__sifive-hifive1-revb_a-riscv_clint0.o)
                0x000000002001149c                __metal_driver_riscv_clint0_init
 .text.__metal_driver_riscv_clint0_register
                0x0000000020011524       0xda /home/picard/Documents/cleanflight/bsp/install/lib/debug//libmetal.a(libriscv__mmachine__sifive-hifive1-revb_a-riscv_clint0.o)
                0x0000000020011524                __metal_driver_riscv_clint0_register
 .text.__metal_driver_riscv_clint0_vector_register
                0x00000000200115fe       0x28 /home/picard/Documents/cleanflight/bsp/install/lib/debug//libmetal.a(libriscv__mmachine__sifive-hifive1-revb_a-riscv_clint0.o)
                0x00000000200115fe                __metal_driver_riscv_clint0_vector_register
 .text.__metal_driver_riscv_clint0_get_vector_mode
                0x0000000020011626       0x1c /home/picard/Documents/cleanflight/bsp/install/lib/debug//libmetal.a(libriscv__mmachine__sifive-hifive1-revb_a-riscv_clint0.o)
                0x0000000020011626                __metal_driver_riscv_clint0_get_vector_mode
 .text.__metal_driver_riscv_clint0_set_vector_mode
                0x0000000020011642       0x54 /home/picard/Documents/cleanflight/bsp/install/lib/debug//libmetal.a(libriscv__mmachine__sifive-hifive1-revb_a-riscv_clint0.o)
                0x0000000020011642                __metal_driver_riscv_clint0_set_vector_mode
 .text.__metal_driver_riscv_clint0_enable
                0x0000000020011696       0xb2 /home/picard/Documents/cleanflight/bsp/install/lib/debug//libmetal.a(libriscv__mmachine__sifive-hifive1-revb_a-riscv_clint0.o)
                0x0000000020011696                __metal_driver_riscv_clint0_enable
 .text.__metal_driver_riscv_clint0_disable
                0x0000000020011748       0xb2 /home/picard/Documents/cleanflight/bsp/install/lib/debug//libmetal.a(libriscv__mmachine__sifive-hifive1-revb_a-riscv_clint0.o)
                0x0000000020011748                __metal_driver_riscv_clint0_disable
 .text.__metal_driver_riscv_clint0_command_request
                0x00000000200117fa      0x132 /home/picard/Documents/cleanflight/bsp/install/lib/debug//libmetal.a(libriscv__mmachine__sifive-hifive1-revb_a-riscv_clint0.o)
                0x00000000200117fa                __metal_driver_riscv_clint0_command_request
 .text.__metal_driver_riscv_clint0_clear_interrupt
                0x000000002001192c       0x34 /home/picard/Documents/cleanflight/bsp/install/lib/debug//libmetal.a(libriscv__mmachine__sifive-hifive1-revb_a-riscv_clint0.o)
                0x000000002001192c                __metal_driver_riscv_clint0_clear_interrupt
 .text.__metal_driver_riscv_clint0_set_interrupt
                0x0000000020011960       0x34 /home/picard/Documents/cleanflight/bsp/install/lib/debug//libmetal.a(libriscv__mmachine__sifive-hifive1-revb_a-riscv_clint0.o)
                0x0000000020011960                __metal_driver_riscv_clint0_set_interrupt
 .text.__metal_driver_cpu_hartid
                0x0000000020011994       0x24 /home/picard/Documents/cleanflight/bsp/install/lib/debug//libmetal.a(libriscv__mmachine__sifive-hifive1-revb_a-riscv_cpu.o)
 .text.__metal_driver_cpu_timebase
                0x00000000200119b8       0x2a /home/picard/Documents/cleanflight/bsp/install/lib/debug//libmetal.a(libriscv__mmachine__sifive-hifive1-revb_a-riscv_cpu.o)
 .text.__metal_driver_cpu_interrupt_controller
                0x00000000200119e2       0x2a /home/picard/Documents/cleanflight/bsp/install/lib/debug//libmetal.a(libriscv__mmachine__sifive-hifive1-revb_a-riscv_cpu.o)
 .text.__metal_driver_cpu_get
                0x0000000020011a0c       0x2c /home/picard/Documents/cleanflight/bsp/install/lib/debug//libmetal.a(libriscv__mmachine__sifive-hifive1-revb_a-riscv_cpu.o)
                0x0000000020011a0c                __metal_driver_cpu_get
 .text.__metal_myhart_id
                0x0000000020011a38       0x1a /home/picard/Documents/cleanflight/bsp/install/lib/debug//libmetal.a(libriscv__mmachine__sifive-hifive1-revb_a-riscv_cpu.o)
                0x0000000020011a38                __metal_myhart_id
 .text.__metal_interrupt_global_enable
                0x0000000020011a52       0x18 /home/picard/Documents/cleanflight/bsp/install/lib/debug//libmetal.a(libriscv__mmachine__sifive-hifive1-revb_a-riscv_cpu.o)
                0x0000000020011a52                __metal_interrupt_global_enable
 .text.__metal_interrupt_global_disable
                0x0000000020011a6a       0x18 /home/picard/Documents/cleanflight/bsp/install/lib/debug//libmetal.a(libriscv__mmachine__sifive-hifive1-revb_a-riscv_cpu.o)
                0x0000000020011a6a                __metal_interrupt_global_disable
 .text.__metal_interrupt_software_enable
                0x0000000020011a82       0x18 /home/picard/Documents/cleanflight/bsp/install/lib/debug//libmetal.a(libriscv__mmachine__sifive-hifive1-revb_a-riscv_cpu.o)
                0x0000000020011a82                __metal_interrupt_software_enable
 .text.__metal_interrupt_software_disable
                0x0000000020011a9a       0x18 /home/picard/Documents/cleanflight/bsp/install/lib/debug//libmetal.a(libriscv__mmachine__sifive-hifive1-revb_a-riscv_cpu.o)
                0x0000000020011a9a                __metal_interrupt_software_disable
 .text.__metal_interrupt_timer_enable
                0x0000000020011ab2       0x1a /home/picard/Documents/cleanflight/bsp/install/lib/debug//libmetal.a(libriscv__mmachine__sifive-hifive1-revb_a-riscv_cpu.o)
                0x0000000020011ab2                __metal_interrupt_timer_enable
 .text.__metal_interrupt_timer_disable
                0x0000000020011acc       0x1a /home/picard/Documents/cleanflight/bsp/install/lib/debug//libmetal.a(libriscv__mmachine__sifive-hifive1-revb_a-riscv_cpu.o)
                0x0000000020011acc                __metal_interrupt_timer_disable
 .text.__metal_interrupt_external_enable
                0x0000000020011ae6       0x1c /home/picard/Documents/cleanflight/bsp/install/lib/debug//libmetal.a(libriscv__mmachine__sifive-hifive1-revb_a-riscv_cpu.o)
                0x0000000020011ae6                __metal_interrupt_external_enable
 .text.__metal_interrupt_external_disable
                0x0000000020011b02       0x1c /home/picard/Documents/cleanflight/bsp/install/lib/debug//libmetal.a(libriscv__mmachine__sifive-hifive1-revb_a-riscv_cpu.o)
                0x0000000020011b02                __metal_interrupt_external_disable
 .text.__metal_interrupt_local_enable
                0x0000000020011b1e       0x2c /home/picard/Documents/cleanflight/bsp/install/lib/debug//libmetal.a(libriscv__mmachine__sifive-hifive1-revb_a-riscv_cpu.o)
                0x0000000020011b1e                __metal_interrupt_local_enable
 .text.__metal_interrupt_local_disable
                0x0000000020011b4a       0x2c /home/picard/Documents/cleanflight/bsp/install/lib/debug//libmetal.a(libriscv__mmachine__sifive-hifive1-revb_a-riscv_cpu.o)
                0x0000000020011b4a                __metal_interrupt_local_disable
 .text.__metal_default_exception_handler
                0x0000000020011b76       0x18 /home/picard/Documents/cleanflight/bsp/install/lib/debug//libmetal.a(libriscv__mmachine__sifive-hifive1-revb_a-riscv_cpu.o)
                0x0000000020011b76                __metal_default_exception_handler
 .text.__metal_default_interrupt_handler
                0x0000000020011b8e       0x18 /home/picard/Documents/cleanflight/bsp/install/lib/debug//libmetal.a(libriscv__mmachine__sifive-hifive1-revb_a-riscv_cpu.o)
                0x0000000020011b8e                __metal_default_interrupt_handler
 .text.metal_interrupt_vector_handler
                0x0000000020011ba6       0x2e /home/picard/Documents/cleanflight/bsp/install/lib/debug//libmetal.a(libriscv__mmachine__sifive-hifive1-revb_a-riscv_cpu.o)
                0x0000000020011ba6                metal_interrupt_vector_handler
 .text.metal_software_interrupt_vector_handler
                0x0000000020011bd4       0x8e /home/picard/Documents/cleanflight/bsp/install/lib/debug//libmetal.a(libriscv__mmachine__sifive-hifive1-revb_a-riscv_cpu.o)
                0x0000000020011bd4                metal_software_interrupt_vector_handler
 .text.__metal_default_sw_handler
                0x0000000020011c62       0x64 /home/picard/Documents/cleanflight/bsp/install/lib/debug//libmetal.a(libriscv__mmachine__sifive-hifive1-revb_a-riscv_cpu.o)
                0x0000000020011c62                __metal_default_sw_handler
 .text.metal_timer_interrupt_vector_handler
                0x0000000020011cc6       0x8e /home/picard/Documents/cleanflight/bsp/install/lib/debug//libmetal.a(libriscv__mmachine__sifive-hifive1-revb_a-riscv_cpu.o)
                0x0000000020011cc6                metal_timer_interrupt_vector_handler
 .text.__metal_default_timer_handler
                0x0000000020011d54       0x66 /home/picard/Documents/cleanflight/bsp/install/lib/debug//libmetal.a(libriscv__mmachine__sifive-hifive1-revb_a-riscv_cpu.o)
                0x0000000020011d54                __metal_default_timer_handler
 *fill*         0x0000000020011dba       0x46 
 .text.__metal_exception_handler
                0x0000000020011e00      0x172 /home/picard/Documents/cleanflight/bsp/install/lib/debug//libmetal.a(libriscv__mmachine__sifive-hifive1-revb_a-riscv_cpu.o)
                0x0000000020011e00                __metal_exception_handler
 .text.metal_lc0_interrupt_vector_handler
                0x0000000020011f72       0x92 /home/picard/Documents/cleanflight/bsp/install/lib/debug//libmetal.a(libriscv__mmachine__sifive-hifive1-revb_a-riscv_cpu.o)
                0x0000000020011f72                metal_lc0_interrupt_vector_handler
 .text.metal_lc1_interrupt_vector_handler
                0x0000000020012004       0x92 /home/picard/Documents/cleanflight/bsp/install/lib/debug//libmetal.a(libriscv__mmachine__sifive-hifive1-revb_a-riscv_cpu.o)
                0x0000000020012004                metal_lc1_interrupt_vector_handler
 .text.metal_lc2_interrupt_vector_handler
                0x0000000020012096       0x92 /home/picard/Documents/cleanflight/bsp/install/lib/debug//libmetal.a(libriscv__mmachine__sifive-hifive1-revb_a-riscv_cpu.o)
                0x0000000020012096                metal_lc2_interrupt_vector_handler
 .text.metal_lc3_interrupt_vector_handler
                0x0000000020012128       0x92 /home/picard/Documents/cleanflight/bsp/install/lib/debug//libmetal.a(libriscv__mmachine__sifive-hifive1-revb_a-riscv_cpu.o)
                0x0000000020012128                metal_lc3_interrupt_vector_handler
 .text.metal_lc4_interrupt_vector_handler
                0x00000000200121ba       0x92 /home/picard/Documents/cleanflight/bsp/install/lib/debug//libmetal.a(libriscv__mmachine__sifive-hifive1-revb_a-riscv_cpu.o)
                0x00000000200121ba                metal_lc4_interrupt_vector_handler
 .text.metal_lc5_interrupt_vector_handler
                0x000000002001224c       0x92 /home/picard/Documents/cleanflight/bsp/install/lib/debug//libmetal.a(libriscv__mmachine__sifive-hifive1-revb_a-riscv_cpu.o)
                0x000000002001224c                metal_lc5_interrupt_vector_handler
 .text.metal_lc6_interrupt_vector_handler
                0x00000000200122de       0x92 /home/picard/Documents/cleanflight/bsp/install/lib/debug//libmetal.a(libriscv__mmachine__sifive-hifive1-revb_a-riscv_cpu.o)
                0x00000000200122de                metal_lc6_interrupt_vector_handler
 .text.metal_lc7_interrupt_vector_handler
                0x0000000020012370       0x92 /home/picard/Documents/cleanflight/bsp/install/lib/debug//libmetal.a(libriscv__mmachine__sifive-hifive1-revb_a-riscv_cpu.o)
                0x0000000020012370                metal_lc7_interrupt_vector_handler
 .text.metal_lc8_interrupt_vector_handler
                0x0000000020012402       0x92 /home/picard/Documents/cleanflight/bsp/install/lib/debug//libmetal.a(libriscv__mmachine__sifive-hifive1-revb_a-riscv_cpu.o)
                0x0000000020012402                metal_lc8_interrupt_vector_handler
 .text.metal_lc9_interrupt_vector_handler
                0x0000000020012494       0x92 /home/picard/Documents/cleanflight/bsp/install/lib/debug//libmetal.a(libriscv__mmachine__sifive-hifive1-revb_a-riscv_cpu.o)
                0x0000000020012494                metal_lc9_interrupt_vector_handler
 .text.metal_lc10_interrupt_vector_handler
                0x0000000020012526       0x92 /home/picard/Documents/cleanflight/bsp/install/lib/debug//libmetal.a(libriscv__mmachine__sifive-hifive1-revb_a-riscv_cpu.o)
                0x0000000020012526                metal_lc10_interrupt_vector_handler
 .text.metal_lc11_interrupt_vector_handler
                0x00000000200125b8       0x92 /home/picard/Documents/cleanflight/bsp/install/lib/debug//libmetal.a(libriscv__mmachine__sifive-hifive1-revb_a-riscv_cpu.o)
                0x00000000200125b8                metal_lc11_interrupt_vector_handler
 .text.metal_lc12_interrupt_vector_handler
                0x000000002001264a       0x92 /home/picard/Documents/cleanflight/bsp/install/lib/debug//libmetal.a(libriscv__mmachine__sifive-hifive1-revb_a-riscv_cpu.o)
                0x000000002001264a                metal_lc12_interrupt_vector_handler
 .text.metal_lc13_interrupt_vector_handler
                0x00000000200126dc       0x92 /home/picard/Documents/cleanflight/bsp/install/lib/debug//libmetal.a(libriscv__mmachine__sifive-hifive1-revb_a-riscv_cpu.o)
                0x00000000200126dc                metal_lc13_interrupt_vector_handler
 .text.metal_lc14_interrupt_vector_handler
                0x000000002001276e       0x92 /home/picard/Documents/cleanflight/bsp/install/lib/debug//libmetal.a(libriscv__mmachine__sifive-hifive1-revb_a-riscv_cpu.o)
                0x000000002001276e                metal_lc14_interrupt_vector_handler
 .text.metal_lc15_interrupt_vector_handler
                0x0000000020012800       0x92 /home/picard/Documents/cleanflight/bsp/install/lib/debug//libmetal.a(libriscv__mmachine__sifive-hifive1-revb_a-riscv_cpu.o)
                0x0000000020012800                metal_lc15_interrupt_vector_handler
 .text.__metal_controller_interrupt_vector_mode
                0x0000000020012892       0x50 /home/picard/Documents/cleanflight/bsp/install/lib/debug//libmetal.a(libriscv__mmachine__sifive-hifive1-revb_a-riscv_cpu.o)
                0x0000000020012892                __metal_controller_interrupt_vector_mode
 .text.__metal_controller_interrupt_vector
                0x00000000200128e2       0x98 /home/picard/Documents/cleanflight/bsp/install/lib/debug//libmetal.a(libriscv__mmachine__sifive-hifive1-revb_a-riscv_cpu.o)
                0x00000000200128e2                __metal_controller_interrupt_vector
 .text.__metal_valid_interrupt_id
                0x000000002001297a       0x38 /home/picard/Documents/cleanflight/bsp/install/lib/debug//libmetal.a(libriscv__mmachine__sifive-hifive1-revb_a-riscv_cpu.o)
                0x000000002001297a                __metal_valid_interrupt_id
 .text.__metal_local_interrupt_enable
                0x00000000200129b2       0xbc /home/picard/Documents/cleanflight/bsp/install/lib/debug//libmetal.a(libriscv__mmachine__sifive-hifive1-revb_a-riscv_cpu.o)
                0x00000000200129b2                __metal_local_interrupt_enable
 .text.__metal_exception_register
                0x0000000020012a6e       0x4e /home/picard/Documents/cleanflight/bsp/install/lib/debug//libmetal.a(libriscv__mmachine__sifive-hifive1-revb_a-riscv_cpu.o)
                0x0000000020012a6e                __metal_exception_register
 .text.__metal_driver_riscv_cpu_controller_interrupt_init
                0x0000000020012abc      0x13e /home/picard/Documents/cleanflight/bsp/install/lib/debug//libmetal.a(libriscv__mmachine__sifive-hifive1-revb_a-riscv_cpu.o)
                0x0000000020012abc                __metal_driver_riscv_cpu_controller_interrupt_init
 .text.__metal_driver_riscv_cpu_controller_interrupt_register
                0x0000000020012bfa      0x14e /home/picard/Documents/cleanflight/bsp/install/lib/debug//libmetal.a(libriscv__mmachine__sifive-hifive1-revb_a-riscv_cpu.o)
                0x0000000020012bfa                __metal_driver_riscv_cpu_controller_interrupt_register
 .text.__metal_driver_riscv_cpu_controller_interrupt_enable
                0x0000000020012d48       0x2a /home/picard/Documents/cleanflight/bsp/install/lib/debug//libmetal.a(libriscv__mmachine__sifive-hifive1-revb_a-riscv_cpu.o)
                0x0000000020012d48                __metal_driver_riscv_cpu_controller_interrupt_enable
 .text.__metal_driver_riscv_cpu_controller_interrupt_disable
                0x0000000020012d72       0x2a /home/picard/Documents/cleanflight/bsp/install/lib/debug//libmetal.a(libriscv__mmachine__sifive-hifive1-revb_a-riscv_cpu.o)
                0x0000000020012d72                __metal_driver_riscv_cpu_controller_interrupt_disable
 .text.__metal_driver_riscv_cpu_controller_get_vector_mode
                0x0000000020012d9c       0x1c /home/picard/Documents/cleanflight/bsp/install/lib/debug//libmetal.a(libriscv__mmachine__sifive-hifive1-revb_a-riscv_cpu.o)
                0x0000000020012d9c                __metal_driver_riscv_cpu_controller_get_vector_mode
 .text.__metal_driver_riscv_cpu_controller_set_vector_mode
                0x0000000020012db8       0x5c /home/picard/Documents/cleanflight/bsp/install/lib/debug//libmetal.a(libriscv__mmachine__sifive-hifive1-revb_a-riscv_cpu.o)
                0x0000000020012db8                __metal_driver_riscv_cpu_controller_set_vector_mode
 .text.__metal_driver_riscv_cpu_controller_command_request
                0x0000000020012e14       0x1c /home/picard/Documents/cleanflight/bsp/install/lib/debug//libmetal.a(libriscv__mmachine__sifive-hifive1-revb_a-riscv_cpu.o)
                0x0000000020012e14                __metal_driver_riscv_cpu_controller_command_request
 .text.__metal_driver_cpu_mcycle_get
                0x0000000020012e30       0x72 /home/picard/Documents/cleanflight/bsp/install/lib/debug//libmetal.a(libriscv__mmachine__sifive-hifive1-revb_a-riscv_cpu.o)
                0x0000000020012e30                __metal_driver_cpu_mcycle_get
 .text.__metal_driver_cpu_timebase_get
                0x0000000020012ea2       0x46 /home/picard/Documents/cleanflight/bsp/install/lib/debug//libmetal.a(libriscv__mmachine__sifive-hifive1-revb_a-riscv_cpu.o)
                0x0000000020012ea2                __metal_driver_cpu_timebase_get
 .text.__metal_driver_cpu_mtime_get
                0x0000000020012ee8       0x66 /home/picard/Documents/cleanflight/bsp/install/lib/debug//libmetal.a(libriscv__mmachine__sifive-hifive1-revb_a-riscv_cpu.o)
                0x0000000020012ee8                __metal_driver_cpu_mtime_get
 .text.__metal_driver_cpu_mtimecmp_set
                0x0000000020012f4e       0x76 /home/picard/Documents/cleanflight/bsp/install/lib/debug//libmetal.a(libriscv__mmachine__sifive-hifive1-revb_a-riscv_cpu.o)
                0x0000000020012f4e                __metal_driver_cpu_mtimecmp_set
 .text.__metal_driver_cpu_timer_controller_interrupt
                0x0000000020012fc4       0x16 /home/picard/Documents/cleanflight/bsp/install/lib/debug//libmetal.a(libriscv__mmachine__sifive-hifive1-revb_a-riscv_cpu.o)
                0x0000000020012fc4                __metal_driver_cpu_timer_controller_interrupt
 .text.__metal_driver_cpu_get_timer_interrupt_id
                0x0000000020012fda       0x14 /home/picard/Documents/cleanflight/bsp/install/lib/debug//libmetal.a(libriscv__mmachine__sifive-hifive1-revb_a-riscv_cpu.o)
                0x0000000020012fda                __metal_driver_cpu_get_timer_interrupt_id
 .text.__metal_driver_cpu_sw_controller_interrupt
                0x0000000020012fee       0x16 /home/picard/Documents/cleanflight/bsp/install/lib/debug//libmetal.a(libriscv__mmachine__sifive-hifive1-revb_a-riscv_cpu.o)
                0x0000000020012fee                __metal_driver_cpu_sw_controller_interrupt
 .text.__metal_driver_cpu_get_sw_interrupt_id
                0x0000000020013004       0x14 /home/picard/Documents/cleanflight/bsp/install/lib/debug//libmetal.a(libriscv__mmachine__sifive-hifive1-revb_a-riscv_cpu.o)
                0x0000000020013004                __metal_driver_cpu_get_sw_interrupt_id
 .text.__metal_driver_cpu_set_sw_ipi
                0x0000000020013018       0x62 /home/picard/Documents/cleanflight/bsp/install/lib/debug//libmetal.a(libriscv__mmachine__sifive-hifive1-revb_a-riscv_cpu.o)
                0x0000000020013018                __metal_driver_cpu_set_sw_ipi
 .text.__metal_driver_cpu_clear_sw_ipi
                0x000000002001307a       0x62 /home/picard/Documents/cleanflight/bsp/install/lib/debug//libmetal.a(libriscv__mmachine__sifive-hifive1-revb_a-riscv_cpu.o)
                0x000000002001307a                __metal_driver_cpu_clear_sw_ipi
 .text.__metal_driver_cpu_get_msip
                0x00000000200130dc       0x60 /home/picard/Documents/cleanflight/bsp/install/lib/debug//libmetal.a(libriscv__mmachine__sifive-hifive1-revb_a-riscv_cpu.o)
                0x00000000200130dc                __metal_driver_cpu_get_msip
 .text.__metal_driver_cpu_controller_interrupt
                0x000000002001313c       0x20 /home/picard/Documents/cleanflight/bsp/install/lib/debug//libmetal.a(libriscv__mmachine__sifive-hifive1-revb_a-riscv_cpu.o)
                0x000000002001313c                __metal_driver_cpu_controller_interrupt
 .text.__metal_driver_cpu_exception_register
                0x000000002001315c       0x46 /home/picard/Documents/cleanflight/bsp/install/lib/debug//libmetal.a(libriscv__mmachine__sifive-hifive1-revb_a-riscv_cpu.o)
                0x000000002001315c                __metal_driver_cpu_exception_register
 .text.__metal_driver_cpu_get_instruction_length
                0x00000000200131a2       0x2e /home/picard/Documents/cleanflight/bsp/install/lib/debug//libmetal.a(libriscv__mmachine__sifive-hifive1-revb_a-riscv_cpu.o)
                0x00000000200131a2                __metal_driver_cpu_get_instruction_length
 .text.__metal_driver_cpu_get_exception_pc
                0x00000000200131d0       0x1e /home/picard/Documents/cleanflight/bsp/install/lib/debug//libmetal.a(libriscv__mmachine__sifive-hifive1-revb_a-riscv_cpu.o)
                0x00000000200131d0                __metal_driver_cpu_get_exception_pc
 .text.__metal_driver_cpu_set_exception_pc
                0x00000000200131ee       0x20 /home/picard/Documents/cleanflight/bsp/install/lib/debug//libmetal.a(libriscv__mmachine__sifive-hifive1-revb_a-riscv_cpu.o)
                0x00000000200131ee                __metal_driver_cpu_set_exception_pc
 .text.__metal_driver_sifive_plic0_control_base
                0x000000002001320e       0x2a /home/picard/Documents/cleanflight/bsp/install/lib/debug//libmetal.a(libriscv__mmachine__sifive-hifive1-revb_a-riscv_plic0.o)
 .text.__metal_driver_sifive_plic0_num_interrupts
                0x0000000020013238       0x2a /home/picard/Documents/cleanflight/bsp/install/lib/debug//libmetal.a(libriscv__mmachine__sifive-hifive1-revb_a-riscv_plic0.o)
 .text.__metal_driver_sifive_plic0_max_priority
                0x0000000020013262       0x28 /home/picard/Documents/cleanflight/bsp/install/lib/debug//libmetal.a(libriscv__mmachine__sifive-hifive1-revb_a-riscv_plic0.o)
 .text.__metal_driver_sifive_plic0_interrupt_parents
                0x000000002001328a       0x28 /home/picard/Documents/cleanflight/bsp/install/lib/debug//libmetal.a(libriscv__mmachine__sifive-hifive1-revb_a-riscv_plic0.o)
 .text.__metal_driver_sifive_plic0_interrupt_lines
                0x00000000200132b2       0x22 /home/picard/Documents/cleanflight/bsp/install/lib/debug//libmetal.a(libriscv__mmachine__sifive-hifive1-revb_a-riscv_plic0.o)
 .text.__metal_plic0_claim_interrupt
                0x00000000200132d4       0x2e /home/picard/Documents/cleanflight/bsp/install/lib/debug//libmetal.a(libriscv__mmachine__sifive-hifive1-revb_a-riscv_plic0.o)
                0x00000000200132d4                __metal_plic0_claim_interrupt
 .text.__metal_plic0_complete_interrupt
                0x0000000020013302       0x38 /home/picard/Documents/cleanflight/bsp/install/lib/debug//libmetal.a(libriscv__mmachine__sifive-hifive1-revb_a-riscv_plic0.o)
                0x0000000020013302                __metal_plic0_complete_interrupt
 .text.__metal_plic0_set_threshold
                0x000000002001333a       0x38 /home/picard/Documents/cleanflight/bsp/install/lib/debug//libmetal.a(libriscv__mmachine__sifive-hifive1-revb_a-riscv_plic0.o)
                0x000000002001333a                __metal_plic0_set_threshold
 .text.__metal_plic0_get_threshold
                0x0000000020013372       0x2c /home/picard/Documents/cleanflight/bsp/install/lib/debug//libmetal.a(libriscv__mmachine__sifive-hifive1-revb_a-riscv_plic0.o)
                0x0000000020013372                __metal_plic0_get_threshold
 .text.__metal_plic0_set_priority
                0x000000002001339e       0x62 /home/picard/Documents/cleanflight/bsp/install/lib/debug//libmetal.a(libriscv__mmachine__sifive-hifive1-revb_a-riscv_plic0.o)
                0x000000002001339e                __metal_plic0_set_priority
 .text.__metal_plic0_get_priority
                0x0000000020013400       0x34 /home/picard/Documents/cleanflight/bsp/install/lib/debug//libmetal.a(libriscv__mmachine__sifive-hifive1-revb_a-riscv_plic0.o)
                0x0000000020013400                __metal_plic0_get_priority
 .text.__metal_plic0_enable
                0x0000000020013434       0x8c /home/picard/Documents/cleanflight/bsp/install/lib/debug//libmetal.a(libriscv__mmachine__sifive-hifive1-revb_a-riscv_plic0.o)
                0x0000000020013434                __metal_plic0_enable
 .text.__metal_plic0_default_handler
                0x00000000200134c0       0x18 /home/picard/Documents/cleanflight/bsp/install/lib/debug//libmetal.a(libriscv__mmachine__sifive-hifive1-revb_a-riscv_plic0.o)
                0x00000000200134c0                __metal_plic0_default_handler
 .text.__metal_plic0_handler
                0x00000000200134d8       0x8e /home/picard/Documents/cleanflight/bsp/install/lib/debug//libmetal.a(libriscv__mmachine__sifive-hifive1-revb_a-riscv_plic0.o)
                0x00000000200134d8                __metal_plic0_handler
 .text.__metal_driver_riscv_plic0_init
                0x0000000020013566      0x13c /home/picard/Documents/cleanflight/bsp/install/lib/debug//libmetal.a(libriscv__mmachine__sifive-hifive1-revb_a-riscv_plic0.o)
                0x0000000020013566                __metal_driver_riscv_plic0_init
 .text.__metal_driver_riscv_plic0_register
                0x00000000200136a2       0xc0 /home/picard/Documents/cleanflight/bsp/install/lib/debug//libmetal.a(libriscv__mmachine__sifive-hifive1-revb_a-riscv_plic0.o)
                0x00000000200136a2                __metal_driver_riscv_plic0_register
 .text.__metal_driver_riscv_plic0_enable
                0x0000000020013762       0x48 /home/picard/Documents/cleanflight/bsp/install/lib/debug//libmetal.a(libriscv__mmachine__sifive-hifive1-revb_a-riscv_plic0.o)
                0x0000000020013762                __metal_driver_riscv_plic0_enable
 .text.__metal_driver_riscv_plic0_disable
                0x00000000200137aa       0x48 /home/picard/Documents/cleanflight/bsp/install/lib/debug//libmetal.a(libriscv__mmachine__sifive-hifive1-revb_a-riscv_plic0.o)
                0x00000000200137aa                __metal_driver_riscv_plic0_disable
 .text.__metal_driver_sifive_fe310_g000_hfrosc_ref
                0x00000000200137f2       0x1a /home/picard/Documents/cleanflight/bsp/install/lib/debug//libmetal.a(libriscv__mmachine__sifive-hifive1-revb_a-sifive_fe310-g000_hfrosc.o)
 .text.__metal_driver_sifive_fe310_g000_hfrosc_config_base
                0x000000002001380c       0x16 /home/picard/Documents/cleanflight/bsp/install/lib/debug//libmetal.a(libriscv__mmachine__sifive-hifive1-revb_a-sifive_fe310-g000_hfrosc.o)
 .text.__metal_driver_sifive_fe310_g000_hfrosc_config_offset
                0x0000000020013822       0x14 /home/picard/Documents/cleanflight/bsp/install/lib/debug//libmetal.a(libriscv__mmachine__sifive-hifive1-revb_a-sifive_fe310-g000_hfrosc.o)
 .text.__metal_driver_sifive_fe310_g000_prci_vtable
                0x0000000020013836       0x12 /home/picard/Documents/cleanflight/bsp/install/lib/debug//libmetal.a(libriscv__mmachine__sifive-hifive1-revb_a-sifive_fe310-g000_hfrosc.o)
 .text.__metal_driver_sifive_fe310_g000_hfrosc_get_rate_hz
                0x0000000020013848       0x84 /home/picard/Documents/cleanflight/bsp/install/lib/debug//libmetal.a(libriscv__mmachine__sifive-hifive1-revb_a-sifive_fe310-g000_hfrosc.o)
                0x0000000020013848                __metal_driver_sifive_fe310_g000_hfrosc_get_rate_hz
 .text.__metal_driver_sifive_fe310_g000_hfrosc_set_rate_hz
                0x00000000200138cc       0x22 /home/picard/Documents/cleanflight/bsp/install/lib/debug//libmetal.a(libriscv__mmachine__sifive-hifive1-revb_a-sifive_fe310-g000_hfrosc.o)
                0x00000000200138cc                __metal_driver_sifive_fe310_g000_hfrosc_set_rate_hz
 .text.__metal_driver_sifive_fe310_g000_hfxosc_ref
                0x00000000200138ee       0x1a /home/picard/Documents/cleanflight/bsp/install/lib/debug//libmetal.a(libriscv__mmachine__sifive-hifive1-revb_a-sifive_fe310-g000_hfxosc.o)
 .text.__metal_driver_sifive_fe310_g000_hfxosc_config_base
                0x0000000020013908       0x16 /home/picard/Documents/cleanflight/bsp/install/lib/debug//libmetal.a(libriscv__mmachine__sifive-hifive1-revb_a-sifive_fe310-g000_hfxosc.o)
 .text.__metal_driver_sifive_fe310_g000_hfxosc_config_offset
                0x000000002001391e       0x14 /home/picard/Documents/cleanflight/bsp/install/lib/debug//libmetal.a(libriscv__mmachine__sifive-hifive1-revb_a-sifive_fe310-g000_hfxosc.o)
 .text.__metal_driver_sifive_fe310_g000_prci_vtable
                0x0000000020013932       0x12 /home/picard/Documents/cleanflight/bsp/install/lib/debug//libmetal.a(libriscv__mmachine__sifive-hifive1-revb_a-sifive_fe310-g000_hfxosc.o)
 .text.__metal_driver_sifive_fe310_g000_hfxosc_get_rate_hz
                0x0000000020013944       0x74 /home/picard/Documents/cleanflight/bsp/install/lib/debug//libmetal.a(libriscv__mmachine__sifive-hifive1-revb_a-sifive_fe310-g000_hfxosc.o)
                0x0000000020013944                __metal_driver_sifive_fe310_g000_hfxosc_get_rate_hz
 .text.__metal_driver_sifive_fe310_g000_hfxosc_set_rate_hz
                0x00000000200139b8       0x22 /home/picard/Documents/cleanflight/bsp/install/lib/debug//libmetal.a(libriscv__mmachine__sifive-hifive1-revb_a-sifive_fe310-g000_hfxosc.o)
                0x00000000200139b8                __metal_driver_sifive_fe310_g000_hfxosc_set_rate_hz
 .text.__metal_driver_sifive_fe310_g000_pll_pllsel0
                0x00000000200139da       0x1a /home/picard/Documents/cleanflight/bsp/install/lib/debug//libmetal.a(libriscv__mmachine__sifive-hifive1-revb_a-sifive_fe310-g000_pll.o)
 .text.__metal_driver_sifive_fe310_g000_pll_pllref
                0x00000000200139f4       0x1a /home/picard/Documents/cleanflight/bsp/install/lib/debug//libmetal.a(libriscv__mmachine__sifive-hifive1-revb_a-sifive_fe310-g000_pll.o)
 .text.__metal_driver_sifive_fe310_g000_pll_divider_base
                0x0000000020013a0e       0x16 /home/picard/Documents/cleanflight/bsp/install/lib/debug//libmetal.a(libriscv__mmachine__sifive-hifive1-revb_a-sifive_fe310-g000_pll.o)
 .text.__metal_driver_sifive_fe310_g000_pll_divider_offset
                0x0000000020013a24       0x14 /home/picard/Documents/cleanflight/bsp/install/lib/debug//libmetal.a(libriscv__mmachine__sifive-hifive1-revb_a-sifive_fe310-g000_pll.o)
 .text.__metal_driver_sifive_fe310_g000_pll_config_base
                0x0000000020013a38       0x12 /home/picard/Documents/cleanflight/bsp/install/lib/debug//libmetal.a(libriscv__mmachine__sifive-hifive1-revb_a-sifive_fe310-g000_pll.o)
 .text.__metal_driver_sifive_fe310_g000_pll_config_offset
                0x0000000020013a4a       0x10 /home/picard/Documents/cleanflight/bsp/install/lib/debug//libmetal.a(libriscv__mmachine__sifive-hifive1-revb_a-sifive_fe310-g000_pll.o)
 .text.__metal_driver_sifive_fe310_g000_pll_init_rate
                0x0000000020013a5a       0x16 /home/picard/Documents/cleanflight/bsp/install/lib/debug//libmetal.a(libriscv__mmachine__sifive-hifive1-revb_a-sifive_fe310-g000_pll.o)
 .text.__metal_driver_sifive_fe310_g000_prci_base
                0x0000000020013a70       0x12 /home/picard/Documents/cleanflight/bsp/install/lib/debug//libmetal.a(libriscv__mmachine__sifive-hifive1-revb_a-sifive_fe310-g000_pll.o)
 .text.__metal_driver_sifive_fe310_g000_prci_vtable
                0x0000000020013a82       0x12 /home/picard/Documents/cleanflight/bsp/install/lib/debug//libmetal.a(libriscv__mmachine__sifive-hifive1-revb_a-sifive_fe310-g000_pll.o)
 .text.get_pll_config_freq
                0x0000000020013a94       0x4e /home/picard/Documents/cleanflight/bsp/install/lib/debug//libmetal.a(libriscv__mmachine__sifive-hifive1-revb_a-sifive_fe310-g000_pll.o)
 .text.metal_sifive_fe310_g000_pll_init
                0x0000000020013ae2       0x28 /home/picard/Documents/cleanflight/bsp/install/lib/debug//libmetal.a(libriscv__mmachine__sifive-hifive1-revb_a-sifive_fe310-g000_pll.o)
 .text.__metal_driver_sifive_fe310_g000_pll_init
                0x0000000020013b0a       0xa4 /home/picard/Documents/cleanflight/bsp/install/lib/debug//libmetal.a(libriscv__mmachine__sifive-hifive1-revb_a-sifive_fe310-g000_pll.o)
                0x0000000020013b0a                __metal_driver_sifive_fe310_g000_pll_init
 .text.__metal_driver_sifive_fe310_g000_pll_get_rate_hz
                0x0000000020013bae      0x170 /home/picard/Documents/cleanflight/bsp/install/lib/debug//libmetal.a(libriscv__mmachine__sifive-hifive1-revb_a-sifive_fe310-g000_pll.o)
                0x0000000020013bae                __metal_driver_sifive_fe310_g000_pll_get_rate_hz
 .text.find_closest_config
                0x0000000020013d1e       0xac /home/picard/Documents/cleanflight/bsp/install/lib/debug//libmetal.a(libriscv__mmachine__sifive-hifive1-revb_a-sifive_fe310-g000_pll.o)
 .text.configure_pll
                0x0000000020013dca      0x132 /home/picard/Documents/cleanflight/bsp/install/lib/debug//libmetal.a(libriscv__mmachine__sifive-hifive1-revb_a-sifive_fe310-g000_pll.o)
 .text.__metal_driver_sifive_fe310_g000_pll_set_rate_hz
                0x0000000020013efc      0x164 /home/picard/Documents/cleanflight/bsp/install/lib/debug//libmetal.a(libriscv__mmachine__sifive-hifive1-revb_a-sifive_fe310-g000_pll.o)
                0x0000000020013efc                __metal_driver_sifive_fe310_g000_pll_set_rate_hz
 .text.use_hfxosc
                0x0000000020014060       0x2a /home/picard/Documents/cleanflight/bsp/install/lib/debug//libmetal.a(libriscv__mmachine__sifive-hifive1-revb_a-sifive_fe310-g000_pll.o)
 .text.__metal_driver_sifive_fe310_g000_prci_base
                0x000000002001408a       0x12 /home/picard/Documents/cleanflight/bsp/install/lib/debug//libmetal.a(libriscv__mmachine__sifive-hifive1-revb_a-sifive_fe310-g000_prci.o)
 .text.__metal_driver_sifive_fe310_g000_prci_get_reg
                0x000000002001409c       0x2e /home/picard/Documents/cleanflight/bsp/install/lib/debug//libmetal.a(libriscv__mmachine__sifive-hifive1-revb_a-sifive_fe310-g000_prci.o)
                0x000000002001409c                __metal_driver_sifive_fe310_g000_prci_get_reg
 .text.__metal_driver_sifive_fe310_g000_prci_set_reg
                0x00000000200140ca       0x38 /home/picard/Documents/cleanflight/bsp/install/lib/debug//libmetal.a(libriscv__mmachine__sifive-hifive1-revb_a-sifive_fe310-g000_prci.o)
                0x00000000200140ca                __metal_driver_sifive_fe310_g000_prci_set_reg
 .text.__metal_driver_sifive_gpio0_base
                0x0000000020014102       0x26 /home/picard/Documents/cleanflight/bsp/install/lib/debug//libmetal.a(libriscv__mmachine__sifive-hifive1-revb_a-sifive_gpio0.o)
 .text.__metal_driver_sifive_gpio0_interrupt_parent
                0x0000000020014128       0x2a /home/picard/Documents/cleanflight/bsp/install/lib/debug//libmetal.a(libriscv__mmachine__sifive-hifive1-revb_a-sifive_gpio0.o)
 .text.__metal_driver_sifive_gpio0_interrupt_lines
                0x0000000020014152      0x35e /home/picard/Documents/cleanflight/bsp/install/lib/debug//libmetal.a(libriscv__mmachine__sifive-hifive1-revb_a-sifive_gpio0.o)
 .text.__metal_driver_sifive_gpio0_enable_input
                0x00000000200144b0       0x40 /home/picard/Documents/cleanflight/bsp/install/lib/debug//libmetal.a(libriscv__mmachine__sifive-hifive1-revb_a-sifive_gpio0.o)
                0x00000000200144b0                __metal_driver_sifive_gpio0_enable_input
 .text.__metal_driver_sifive_gpio0_disable_input
                0x00000000200144f0       0x46 /home/picard/Documents/cleanflight/bsp/install/lib/debug//libmetal.a(libriscv__mmachine__sifive-hifive1-revb_a-sifive_gpio0.o)
                0x00000000200144f0                __metal_driver_sifive_gpio0_disable_input
 .text.__metal_driver_sifive_gpio0_input
                0x0000000020014536       0x2a /home/picard/Documents/cleanflight/bsp/install/lib/debug//libmetal.a(libriscv__mmachine__sifive-hifive1-revb_a-sifive_gpio0.o)
                0x0000000020014536                __metal_driver_sifive_gpio0_input
 .text.__metal_driver_sifive_gpio0_output
                0x0000000020014560       0x2c /home/picard/Documents/cleanflight/bsp/install/lib/debug//libmetal.a(libriscv__mmachine__sifive-hifive1-revb_a-sifive_gpio0.o)
                0x0000000020014560                __metal_driver_sifive_gpio0_output
 .text.__metal_driver_sifive_gpio0_disable_output
                0x000000002001458c       0x46 /home/picard/Documents/cleanflight/bsp/install/lib/debug//libmetal.a(libriscv__mmachine__sifive-hifive1-revb_a-sifive_gpio0.o)
                0x000000002001458c                __metal_driver_sifive_gpio0_disable_output
 .text.__metal_driver_sifive_gpio0_enable_output
                0x00000000200145d2       0x40 /home/picard/Documents/cleanflight/bsp/install/lib/debug//libmetal.a(libriscv__mmachine__sifive-hifive1-revb_a-sifive_gpio0.o)
                0x00000000200145d2                __metal_driver_sifive_gpio0_enable_output
 .text.__metal_driver_sifive_gpio0_output_set
                0x0000000020014612       0x40 /home/picard/Documents/cleanflight/bsp/install/lib/debug//libmetal.a(libriscv__mmachine__sifive-hifive1-revb_a-sifive_gpio0.o)
                0x0000000020014612                __metal_driver_sifive_gpio0_output_set
 .text.__metal_driver_sifive_gpio0_output_clear
                0x0000000020014652       0x46 /home/picard/Documents/cleanflight/bsp/install/lib/debug//libmetal.a(libriscv__mmachine__sifive-hifive1-revb_a-sifive_gpio0.o)
                0x0000000020014652                __metal_driver_sifive_gpio0_output_clear
 .text.__metal_driver_sifive_gpio0_output_toggle
                0x0000000020014698       0x40 /home/picard/Documents/cleanflight/bsp/install/lib/debug//libmetal.a(libriscv__mmachine__sifive-hifive1-revb_a-sifive_gpio0.o)
                0x0000000020014698                __metal_driver_sifive_gpio0_output_toggle
 .text.__metal_driver_sifive_gpio0_enable_io
                0x00000000200146d8       0x68 /home/picard/Documents/cleanflight/bsp/install/lib/debug//libmetal.a(libriscv__mmachine__sifive-hifive1-revb_a-sifive_gpio0.o)
                0x00000000200146d8                __metal_driver_sifive_gpio0_enable_io
 .text.__metal_driver_sifive_gpio0_disable_io
                0x0000000020014740       0x4a /home/picard/Documents/cleanflight/bsp/install/lib/debug//libmetal.a(libriscv__mmachine__sifive-hifive1-revb_a-sifive_gpio0.o)
                0x0000000020014740                __metal_driver_sifive_gpio0_disable_io
 .text.__metal_driver_sifive_gpio0_config_int
                0x000000002001478a      0x206 /home/picard/Documents/cleanflight/bsp/install/lib/debug//libmetal.a(libriscv__mmachine__sifive-hifive1-revb_a-sifive_gpio0.o)
                0x000000002001478a                __metal_driver_sifive_gpio0_config_int
 .text.__metal_driver_sifive_gpio0_clear_int
                0x0000000020014990      0x188 /home/picard/Documents/cleanflight/bsp/install/lib/debug//libmetal.a(libriscv__mmachine__sifive-hifive1-revb_a-sifive_gpio0.o)
                0x0000000020014990                __metal_driver_sifive_gpio0_clear_int
 .text.__metal_driver_gpio_interrupt_controller
                0x0000000020014b18       0x20 /home/picard/Documents/cleanflight/bsp/install/lib/debug//libmetal.a(libriscv__mmachine__sifive-hifive1-revb_a-sifive_gpio0.o)
                0x0000000020014b18                __metal_driver_gpio_interrupt_controller
 .text.__metal_driver_gpio_get_interrupt_id
                0x0000000020014b38       0x2e /home/picard/Documents/cleanflight/bsp/install/lib/debug//libmetal.a(libriscv__mmachine__sifive-hifive1-revb_a-sifive_gpio0.o)
                0x0000000020014b38                __metal_driver_gpio_get_interrupt_id
 .text.__metal_driver_sifive_uart0_control_base
                0x0000000020014b66       0x40 /home/picard/Documents/cleanflight/bsp/install/lib/debug//libmetal.a(libriscv__mmachine__sifive-hifive1-revb_a-sifive_uart0.o)
 .text.__metal_driver_sifive_uart0_interrupt_parent
                0x0000000020014ba6       0x42 /home/picard/Documents/cleanflight/bsp/install/lib/debug//libmetal.a(libriscv__mmachine__sifive-hifive1-revb_a-sifive_uart0.o)
 .text.__metal_driver_sifive_uart0_interrupt_line
                0x0000000020014be8       0x3c /home/picard/Documents/cleanflight/bsp/install/lib/debug//libmetal.a(libriscv__mmachine__sifive-hifive1-revb_a-sifive_uart0.o)
 .text.__metal_driver_sifive_uart0_clock
                0x0000000020014c24       0x48 /home/picard/Documents/cleanflight/bsp/install/lib/debug//libmetal.a(libriscv__mmachine__sifive-hifive1-revb_a-sifive_uart0.o)
 .text.__metal_driver_sifive_uart0_pinmux
                0x0000000020014c6c       0x40 /home/picard/Documents/cleanflight/bsp/install/lib/debug//libmetal.a(libriscv__mmachine__sifive-hifive1-revb_a-sifive_uart0.o)
 .text.__metal_driver_sifive_uart0_pinmux_output_selector
                0x0000000020014cac       0x40 /home/picard/Documents/cleanflight/bsp/install/lib/debug//libmetal.a(libriscv__mmachine__sifive-hifive1-revb_a-sifive_uart0.o)
 .text.__metal_driver_sifive_uart0_pinmux_source_selector
                0x0000000020014cec       0x40 /home/picard/Documents/cleanflight/bsp/install/lib/debug//libmetal.a(libriscv__mmachine__sifive-hifive1-revb_a-sifive_uart0.o)
 .text.__metal_driver_sifive_uart0_interrupt_controller
                0x0000000020014d2c       0x20 /home/picard/Documents/cleanflight/bsp/install/lib/debug//libmetal.a(libriscv__mmachine__sifive-hifive1-revb_a-sifive_uart0.o)
                0x0000000020014d2c                __metal_driver_sifive_uart0_interrupt_controller
 .text.__metal_driver_sifive_uart0_get_interrupt_id
                0x0000000020014d4c       0x24 /home/picard/Documents/cleanflight/bsp/install/lib/debug//libmetal.a(libriscv__mmachine__sifive-hifive1-revb_a-sifive_uart0.o)
                0x0000000020014d4c                __metal_driver_sifive_uart0_get_interrupt_id
 .text.__metal_driver_sifive_uart0_txready
                0x0000000020014d70       0x34 /home/picard/Documents/cleanflight/bsp/install/lib/debug//libmetal.a(libriscv__mmachine__sifive-hifive1-revb_a-sifive_uart0.o)
                0x0000000020014d70                __metal_driver_sifive_uart0_txready
 .text.__metal_driver_sifive_uart0_putc
                0x0000000020014da4       0x40 /home/picard/Documents/cleanflight/bsp/install/lib/debug//libmetal.a(libriscv__mmachine__sifive-hifive1-revb_a-sifive_uart0.o)
                0x0000000020014da4                __metal_driver_sifive_uart0_putc
 .text.__metal_driver_sifive_uart0_getc
                0x0000000020014de4       0x56 /home/picard/Documents/cleanflight/bsp/install/lib/debug//libmetal.a(libriscv__mmachine__sifive-hifive1-revb_a-sifive_uart0.o)
                0x0000000020014de4                __metal_driver_sifive_uart0_getc
 .text.__metal_driver_sifive_uart0_get_baud_rate
                0x0000000020014e3a       0x20 /home/picard/Documents/cleanflight/bsp/install/lib/debug//libmetal.a(libriscv__mmachine__sifive-hifive1-revb_a-sifive_uart0.o)
                0x0000000020014e3a                __metal_driver_sifive_uart0_get_baud_rate
 .text.__metal_driver_sifive_uart0_set_baud_rate
                0x0000000020014e5a       0xa0 /home/picard/Documents/cleanflight/bsp/install/lib/debug//libmetal.a(libriscv__mmachine__sifive-hifive1-revb_a-sifive_uart0.o)
                0x0000000020014e5a                __metal_driver_sifive_uart0_set_baud_rate
 .text.pre_rate_change_callback_func
                0x0000000020014efa       0xd8 /home/picard/Documents/cleanflight/bsp/install/lib/debug//libmetal.a(libriscv__mmachine__sifive-hifive1-revb_a-sifive_uart0.o)
 .text.post_rate_change_callback_func
                0x0000000020014fd2       0x30 /home/picard/Documents/cleanflight/bsp/install/lib/debug//libmetal.a(libriscv__mmachine__sifive-hifive1-revb_a-sifive_uart0.o)
 .text.__metal_driver_sifive_uart0_init
                0x0000000020015002       0xd2 /home/picard/Documents/cleanflight/bsp/install/lib/debug//libmetal.a(libriscv__mmachine__sifive-hifive1-revb_a-sifive_uart0.o)
                0x0000000020015002                __metal_driver_sifive_uart0_init
 .text._metal_clock_call_all_callbacks
                0x00000000200150d4       0x40 /home/picard/Documents/cleanflight/bsp/install/lib/debug//libmetal.a(libriscv__mmachine__sifive-hifive1-revb_a-clock.o)
                0x00000000200150d4                _metal_clock_call_all_callbacks
 .text._metal_clock_append_to_callbacks
                0x0000000020015114       0x54 /home/picard/Documents/cleanflight/bsp/install/lib/debug//libmetal.a(libriscv__mmachine__sifive-hifive1-revb_a-clock.o)
                0x0000000020015114                _metal_clock_append_to_callbacks
 .text.metal_clock_get_rate_hz
                0x0000000020015168       0x26 /home/picard/Documents/cleanflight/bsp/install/lib/debug//libmetal.a(libriscv__mmachine__sifive-hifive1-revb_a-clock.o)
                0x0000000020015168                metal_clock_get_rate_hz
 .text.metal_clock_set_rate_hz
                0x000000002001518e       0x48 /home/picard/Documents/cleanflight/bsp/install/lib/debug//libmetal.a(libriscv__mmachine__sifive-hifive1-revb_a-clock.o)
                0x000000002001518e                metal_clock_set_rate_hz
 .text.metal_clock_register_pre_rate_change_callback
                0x00000000200151d6       0x30 /home/picard/Documents/cleanflight/bsp/install/lib/debug//libmetal.a(libriscv__mmachine__sifive-hifive1-revb_a-clock.o)
                0x00000000200151d6                metal_clock_register_pre_rate_change_callback
 .text.metal_clock_register_post_rate_change_callback
                0x0000000020015206       0x32 /home/picard/Documents/cleanflight/bsp/install/lib/debug//libmetal.a(libriscv__mmachine__sifive-hifive1-revb_a-clock.o)
                0x0000000020015206                metal_clock_register_post_rate_change_callback
 .text.metal_cpu_interrupt_controller
                0x0000000020015238       0x26 /home/picard/Documents/cleanflight/bsp/install/lib/debug//libmetal.a(libriscv__mmachine__sifive-hifive1-revb_a-cpu.o)
                0x0000000020015238                metal_cpu_interrupt_controller
 .text.metal_cpu_get
                0x000000002001525e       0x2a /home/picard/Documents/cleanflight/bsp/install/lib/debug//libmetal.a(libriscv__mmachine__sifive-hifive1-revb_a-cpu.o)
                0x000000002001525e                metal_cpu_get
 .text.metal_cpu_get_current_hartid
                0x0000000020015288       0x1a /home/picard/Documents/cleanflight/bsp/install/lib/debug//libmetal.a(libriscv__mmachine__sifive-hifive1-revb_a-cpu.o)
                0x0000000020015288                metal_cpu_get_current_hartid
 .text.metal_shutdown
                0x00000000200152a2        0xe /home/picard/Documents/cleanflight/bsp/install/lib/debug//libmetal.a(libriscv__mmachine__sifive-hifive1-revb_a-shutdown.o)
                0x00000000200152a2                metal_shutdown
 *fill*         0x00000000200152b0       0x50 
 .text          0x0000000020015300       0x80 /home/picard/Documents/cleanflight/bsp/install/lib/debug//libmetal.a(libriscv__mmachine__sifive-hifive1-revb_a-vector.o)
                0x0000000020015300                __metal_vector_table
 .text.__metal_driver_fixed_clock_rate
                0x0000000020015380       0x70 /home/picard/Documents/cleanflight/bsp/install/lib/debug//libmetal.a(libriscv__mmachine__sifive-hifive1-revb_a-fixed-clock.o)
 .text.__metal_driver_fixed_clock_get_rate_hz
                0x00000000200153f0       0x1e /home/picard/Documents/cleanflight/bsp/install/lib/debug//libmetal.a(libriscv__mmachine__sifive-hifive1-revb_a-fixed-clock.o)
                0x00000000200153f0                __metal_driver_fixed_clock_get_rate_hz
 .text.__metal_driver_fixed_clock_set_rate_hz
                0x000000002001540e       0x22 /home/picard/Documents/cleanflight/bsp/install/lib/debug//libmetal.a(libriscv__mmachine__sifive-hifive1-revb_a-fixed-clock.o)
                0x000000002001540e                __metal_driver_fixed_clock_set_rate_hz
 .text._exit    0x0000000020015430       0x14 /home/picard/Documents/cleanflight/bsp/install/lib/debug//libmetal-gloss.a(sys_exit.o)
                0x0000000020015430                _exit
 *(.gnu.linkonce.t.*)
                [!provide]                        PROVIDE (__etext = .)
                [!provide]                        PROVIDE (_etext = .)
                [!provide]                        PROVIDE (etext = .)

.rodata         0x0000000020015444      0xc4c
 *(.rdata)
 *(.rodata .rodata.*)
 .rodata        0x0000000020015444        0xe /tmp/cc6B9DWf.o
 *fill*         0x0000000020015452        0x2 
 .rodata.__sf_fake_stderr
                0x0000000020015454       0x20 /home/picard/Documents/riscv64-unknown-elf-gcc-8.3.0-2019.08.0-x86_64-linux-ubuntu14/bin/../lib/gcc/riscv64-unknown-elf/8.3.0/../../../../riscv64-unknown-elf/lib/rv32imac/ilp32/libc_nano.a(lib_a-findfp.o)
                0x0000000020015454                __sf_fake_stderr
 .rodata.__sf_fake_stdin
                0x0000000020015474       0x20 /home/picard/Documents/riscv64-unknown-elf-gcc-8.3.0-2019.08.0-x86_64-linux-ubuntu14/bin/../lib/gcc/riscv64-unknown-elf/8.3.0/../../../../riscv64-unknown-elf/lib/rv32imac/ilp32/libc_nano.a(lib_a-findfp.o)
                0x0000000020015474                __sf_fake_stdin
 .rodata.__sf_fake_stdout
                0x0000000020015494       0x20 /home/picard/Documents/riscv64-unknown-elf-gcc-8.3.0-2019.08.0-x86_64-linux-ubuntu14/bin/../lib/gcc/riscv64-unknown-elf/8.3.0/../../../../riscv64-unknown-elf/lib/rv32imac/ilp32/libc_nano.a(lib_a-findfp.o)
                0x0000000020015494                __sf_fake_stdout
 .rodata.libgloss.start
                0x00000000200154b4       0x11 /home/picard/Documents/cleanflight/bsp/install/lib/debug//libmetal-gloss.a(crt0.o)
 *fill*         0x00000000200154c5        0x3 
 .rodata.__metal_driver_vtable_riscv_clint0
                0x00000000200154c8       0x4c /home/picard/Documents/cleanflight/bsp/install/lib/debug//libmetal.a(libriscv__mmachine__sifive-hifive1-revb_a-riscv_clint0.o)
                0x00000000200154c8                __metal_driver_vtable_riscv_clint0
 .rodata.__metal_controller_interrupt_vector
                0x0000000020015514       0x14 /home/picard/Documents/cleanflight/bsp/install/lib/debug//libmetal.a(libriscv__mmachine__sifive-hifive1-revb_a-riscv_cpu.o)
 .rodata.__metal_valid_interrupt_id
                0x0000000020015528       0x74 /home/picard/Documents/cleanflight/bsp/install/lib/debug//libmetal.a(libriscv__mmachine__sifive-hifive1-revb_a-riscv_cpu.o)
 .rodata.__metal_local_interrupt_enable
                0x000000002001559c       0x80 /home/picard/Documents/cleanflight/bsp/install/lib/debug//libmetal.a(libriscv__mmachine__sifive-hifive1-revb_a-riscv_cpu.o)
 .rodata.__metal_driver_riscv_cpu_controller_interrupt_register
                0x000000002001561c       0x74 /home/picard/Documents/cleanflight/bsp/install/lib/debug//libmetal.a(libriscv__mmachine__sifive-hifive1-revb_a-riscv_cpu.o)
 .rodata.__metal_driver_vtable_riscv_cpu_intc
                0x0000000020015690       0x4c /home/picard/Documents/cleanflight/bsp/install/lib/debug//libmetal.a(libriscv__mmachine__sifive-hifive1-revb_a-riscv_cpu.o)
                0x0000000020015690                __metal_driver_vtable_riscv_cpu_intc
 .rodata.__metal_driver_vtable_cpu
                0x00000000200156dc       0x40 /home/picard/Documents/cleanflight/bsp/install/lib/debug//libmetal.a(libriscv__mmachine__sifive-hifive1-revb_a-riscv_cpu.o)
                0x00000000200156dc                __metal_driver_vtable_cpu
 .rodata.__metal_driver_vtable_riscv_plic0
                0x000000002001571c       0x4c /home/picard/Documents/cleanflight/bsp/install/lib/debug//libmetal.a(libriscv__mmachine__sifive-hifive1-revb_a-riscv_plic0.o)
                0x000000002001571c                __metal_driver_vtable_riscv_plic0
 .rodata.pll_configs
                0x0000000020015768      0x880 /home/picard/Documents/cleanflight/bsp/install/lib/debug//libmetal.a(libriscv__mmachine__sifive-hifive1-revb_a-sifive_fe310-g000_pll.o)
 .rodata.__metal_driver_vtable_sifive_fe310_g000_pll
                0x0000000020015fe8        0xc /home/picard/Documents/cleanflight/bsp/install/lib/debug//libmetal.a(libriscv__mmachine__sifive-hifive1-revb_a-sifive_fe310-g000_pll.o)
                0x0000000020015fe8                __metal_driver_vtable_sifive_fe310_g000_pll
 .rodata.__metal_driver_sifive_gpio0_config_int
                0x0000000020015ff4       0x20 /home/picard/Documents/cleanflight/bsp/install/lib/debug//libmetal.a(libriscv__mmachine__sifive-hifive1-revb_a-sifive_gpio0.o)
 .rodata.__metal_driver_sifive_gpio0_clear_int
                0x0000000020016014       0x20 /home/picard/Documents/cleanflight/bsp/install/lib/debug//libmetal.a(libriscv__mmachine__sifive-hifive1-revb_a-sifive_gpio0.o)
 .rodata.__metal_driver_vtable_sifive_gpio0
                0x0000000020016034       0x3c /home/picard/Documents/cleanflight/bsp/install/lib/debug//libmetal.a(libriscv__mmachine__sifive-hifive1-revb_a-sifive_gpio0.o)
                0x0000000020016034                __metal_driver_vtable_sifive_gpio0
 .rodata.__metal_driver_vtable_sifive_uart0
                0x0000000020016070       0x20 /home/picard/Documents/cleanflight/bsp/install/lib/debug//libmetal.a(libriscv__mmachine__sifive-hifive1-revb_a-sifive_uart0.o)
                0x0000000020016070                __metal_driver_vtable_sifive_uart0
 *(.gnu.linkonce.r.*)
                0x0000000020016090                . = ALIGN (0x8)
 *(.srodata.cst16)
 *(.srodata.cst8)
 *(.srodata.cst4)
 *(.srodata.cst2)
 *(.srodata .srodata.*)

.rela.dyn       0x0000000020016090        0x0
 .rela.text._sbrk_r
                0x0000000020016090        0x0 /tmp/cc6B9DWf.o
 .rela.text._write_r
                0x0000000020016090        0x0 /tmp/cc6B9DWf.o
 .rela.text._close_r
                0x0000000020016090        0x0 /tmp/cc6B9DWf.o
 .rela.text._fstat_r
                0x0000000020016090        0x0 /tmp/cc6B9DWf.o
 .rela.text._isatty_r
                0x0000000020016090        0x0 /tmp/cc6B9DWf.o
 .rela.text._lseek_r
                0x0000000020016090        0x0 /tmp/cc6B9DWf.o
 .rela.text._read_r
                0x0000000020016090        0x0 /tmp/cc6B9DWf.o
 .rela.text.metal.init.enter
                0x0000000020016090        0x0 /tmp/cc6B9DWf.o
 .rela.text.libgloss.start
                0x0000000020016090        0x0 /tmp/cc6B9DWf.o
 .rela.sdata.brk
                0x0000000020016090        0x0 /tmp/cc6B9DWf.o
 .rela.text._sbrk
                0x0000000020016090        0x0 /tmp/cc6B9DWf.o
 .rela.text.__libc_fini_array
                0x0000000020016090        0x0 /tmp/cc6B9DWf.o
 .rela.text.__libc_init_array
                0x0000000020016090        0x0 /tmp/cc6B9DWf.o
 .rela.text.__register_exitproc
                0x0000000020016090        0x0 /tmp/cc6B9DWf.o
 .rela.text.__metal_driver_cpu_get
                0x0000000020016090        0x0 /tmp/cc6B9DWf.o
 .rela.text.metal_software_interrupt_vector_handler
                0x0000000020016090        0x0 /tmp/cc6B9DWf.o
 .rela.text.__metal_default_sw_handler
                0x0000000020016090        0x0 /tmp/cc6B9DWf.o
 .rela.text.metal_timer_interrupt_vector_handler
                0x0000000020016090        0x0 /tmp/cc6B9DWf.o
 .rela.text.__metal_exception_handler
                0x0000000020016090        0x0 /tmp/cc6B9DWf.o
 .rela.text.metal_lc0_interrupt_vector_handler
                0x0000000020016090        0x0 /tmp/cc6B9DWf.o
 .rela.text.metal_lc1_interrupt_vector_handler
                0x0000000020016090        0x0 /tmp/cc6B9DWf.o
 .rela.text.metal_lc2_interrupt_vector_handler
                0x0000000020016090        0x0 /tmp/cc6B9DWf.o
 .rela.text.metal_lc3_interrupt_vector_handler
                0x0000000020016090        0x0 /tmp/cc6B9DWf.o
 .rela.text.metal_lc4_interrupt_vector_handler
                0x0000000020016090        0x0 /tmp/cc6B9DWf.o
 .rela.text.metal_lc5_interrupt_vector_handler
                0x0000000020016090        0x0 /tmp/cc6B9DWf.o
 .rela.text.metal_lc6_interrupt_vector_handler
                0x0000000020016090        0x0 /tmp/cc6B9DWf.o
 .rela.text.metal_lc7_interrupt_vector_handler
                0x0000000020016090        0x0 /tmp/cc6B9DWf.o
 .rela.text.metal_lc8_interrupt_vector_handler
                0x0000000020016090        0x0 /tmp/cc6B9DWf.o
 .rela.text.metal_lc9_interrupt_vector_handler
                0x0000000020016090        0x0 /tmp/cc6B9DWf.o
 .rela.text.metal_lc10_interrupt_vector_handler
                0x0000000020016090        0x0 /tmp/cc6B9DWf.o
 .rela.text.metal_lc11_interrupt_vector_handler
                0x0000000020016090        0x0 /tmp/cc6B9DWf.o
 .rela.text.metal_lc12_interrupt_vector_handler
                0x0000000020016090        0x0 /tmp/cc6B9DWf.o
 .rela.text.metal_lc13_interrupt_vector_handler
                0x0000000020016090        0x0 /tmp/cc6B9DWf.o
 .rela.text.metal_lc14_interrupt_vector_handler
                0x0000000020016090        0x0 /tmp/cc6B9DWf.o
 .rela.text.metal_lc15_interrupt_vector_handler
                0x0000000020016090        0x0 /tmp/cc6B9DWf.o
 .rela.text.metal_cpu_get
                0x0000000020016090        0x0 /tmp/cc6B9DWf.o
 .rela.text     0x0000000020016090        0x0 /tmp/cc6B9DWf.o
                0x0000000020016090                . = ALIGN (0x8)

.preinit_array  0x0000000020016090        0x0
                0x0000000020016090                PROVIDE (__preinit_array_start = .)
 *(.preinit_array)
                0x0000000020016090                PROVIDE (__preinit_array_end = .)

.init_array     0x0000000020016090        0xc
                0x0000000020016090                PROVIDE (__init_array_start = .)
 *(SORT_BY_INIT_PRIORITY(.init_array.*) SORT_BY_INIT_PRIORITY(.ctors.*))
 *(.init_array EXCLUDE_FILE(*crtend?.o *crtend.o *crtbegin?.o *crtbegin.o) .ctors)
 .init_array    0x0000000020016090        0x4 /home/picard/Documents/cleanflight/bsp/install/lib/debug//libmetal.a(libriscv__mmachine__sifive-hifive1-revb_a-tty.o)
 .init_array    0x0000000020016094        0x8 /home/picard/Documents/cleanflight/bsp/install/lib/debug//libmetal.a(libriscv__mmachine__sifive-hifive1-revb_a-sifive_fe310-g000_pll.o)
                0x000000002001609c                PROVIDE (__init_array_end = .)

.fini_array     0x000000002001609c        0x0
                0x000000002001609c                PROVIDE (__fini_array_start = .)
 *(SORT_BY_INIT_PRIORITY(.fini_array.*) SORT_BY_INIT_PRIORITY(.dtors.*))
 *(.fini_array EXCLUDE_FILE(*crtend?.o *crtend.o *crtbegin?.o *crtbegin.o) .dtors)
                0x000000002001609c                PROVIDE (__fini_array_end = .)

.ctors
 *crtbegin.o(.ctors)
 *crtbegin?.o(.ctors)
 *(EXCLUDE_FILE(*crtend?.o *crtend.o) .ctors)
 *(SORT_BY_NAME(.ctors.*))
 *(.ctors)

.dtors
 *crtbegin.o(.dtors)
 *crtbegin?.o(.dtors)
 *(EXCLUDE_FILE(*crtend?.o *crtend.o) .dtors)
 *(SORT_BY_NAME(.dtors.*))
 *(.dtors)

.itim           0x0000000008000000        0x0 load address 0x00000000200160a0
 *(.itim .itim.*)
                0x00000000200160a0                PROVIDE (metal_segment_itim_source_start = LOADADDR (.itim))
                0x0000000008000000                PROVIDE (metal_segment_itim_target_start = ADDR (.itim))
                0x0000000008000000                PROVIDE (metal_segment_itim_target_end = (ADDR (.itim) + SIZEOF (.itim)))

.data           0x0000000080000000      0xad0 load address 0x00000000200160a0
 *(.data .data.*)
 .data.impure_data
                0x0000000080000000       0x60 /home/picard/Documents/riscv64-unknown-elf-gcc-8.3.0-2019.08.0-x86_64-linux-ubuntu14/bin/../lib/gcc/riscv64-unknown-elf/8.3.0/../../../../riscv64-unknown-elf/lib/rv32imac/ilp32/libc_nano.a(lib_a-impure.o)
 .data.__metal_dt_clock_0
                0x0000000080000060        0xc /home/picard/Documents/cleanflight/bsp/install/lib/debug//libmetal.a(libriscv__mmachine__sifive-hifive1-revb_a-inline.o)
                0x0000000080000060                __metal_dt_clock_0
 .data.__metal_dt_clock_2
                0x000000008000006c        0xc /home/picard/Documents/cleanflight/bsp/install/lib/debug//libmetal.a(libriscv__mmachine__sifive-hifive1-revb_a-inline.o)
                0x000000008000006c                __metal_dt_clock_2
 .data.__metal_dt_clock_5
                0x0000000080000078        0xc /home/picard/Documents/cleanflight/bsp/install/lib/debug//libmetal.a(libriscv__mmachine__sifive-hifive1-revb_a-inline.o)
                0x0000000080000078                __metal_dt_clock_5
 .data.__metal_dt_clock_6
                0x0000000080000084        0xc /home/picard/Documents/cleanflight/bsp/install/lib/debug//libmetal.a(libriscv__mmachine__sifive-hifive1-revb_a-inline.o)
                0x0000000080000084                __metal_dt_clock_6
 .data.__metal_dt_cpu_0_interrupt_controller
                0x0000000080000090      0x3b8 /home/picard/Documents/cleanflight/bsp/install/lib/debug//libmetal.a(libriscv__mmachine__sifive-hifive1-revb_a-inline.o)
                0x0000000080000090                __metal_dt_cpu_0_interrupt_controller
 .data.__metal_dt_interrupt_controller_c000000
                0x0000000080000448      0x5d8 /home/picard/Documents/cleanflight/bsp/install/lib/debug//libmetal.a(libriscv__mmachine__sifive-hifive1-revb_a-inline.o)
                0x0000000080000448                __metal_dt_interrupt_controller_c000000
 .data.__metal_dt_serial_10013000
                0x0000000080000a20       0x20 /home/picard/Documents/cleanflight/bsp/install/lib/debug//libmetal.a(libriscv__mmachine__sifive-hifive1-revb_a-inline.o)
                0x0000000080000a20                __metal_dt_serial_10013000
 .data.__metal_dt_serial_10023000
                0x0000000080000a40       0x20 /home/picard/Documents/cleanflight/bsp/install/lib/debug//libmetal.a(libriscv__mmachine__sifive-hifive1-revb_a-inline.o)
                0x0000000080000a40                __metal_dt_serial_10023000
 .data.__metal_dt_clock_3
                0x0000000080000a60        0xc /home/picard/Documents/cleanflight/bsp/install/lib/debug//libmetal.a(libriscv__mmachine__sifive-hifive1-revb_a-inline.o)
                0x0000000080000a60                __metal_dt_clock_3
 .data.__metal_dt_clock_1
                0x0000000080000a6c        0xc /home/picard/Documents/cleanflight/bsp/install/lib/debug//libmetal.a(libriscv__mmachine__sifive-hifive1-revb_a-inline.o)
                0x0000000080000a6c                __metal_dt_clock_1
 .data.__metal_dt_clock_4
                0x0000000080000a78        0xc /home/picard/Documents/cleanflight/bsp/install/lib/debug//libmetal.a(libriscv__mmachine__sifive-hifive1-revb_a-inline.o)
                0x0000000080000a78                __metal_dt_clock_4
 *(.gnu.linkonce.d.*)
                0x0000000080000a88                . = ALIGN (0x8)
 *fill*         0x0000000080000a84        0x4 
                0x0000000080001288                PROVIDE (__global_pointer$ = (. + 0x800))
 *(.sdata .sdata.* .sdata2.*)
 .sdata._impure_ptr
                0x0000000080000a88        0x4 /home/picard/Documents/riscv64-unknown-elf-gcc-8.3.0-2019.08.0-x86_64-linux-ubuntu14/bin/../lib/gcc/riscv64-unknown-elf/8.3.0/../../../../riscv64-unknown-elf/lib/rv32imac/ilp32/libc_nano.a(lib_a-impure.o)
                0x0000000080000a88                _impure_ptr
 .sdata2._global_impure_ptr
                0x0000000080000a8c        0x4 /home/picard/Documents/riscv64-unknown-elf-gcc-8.3.0-2019.08.0-x86_64-linux-ubuntu14/bin/../lib/gcc/riscv64-unknown-elf/8.3.0/../../../../riscv64-unknown-elf/lib/rv32imac/ilp32/libc_nano.a(lib_a-impure.o)
                0x0000000080000a8c                _global_impure_ptr
 .sdata.brk     0x0000000080000a90        0x4 /home/picard/Documents/cleanflight/bsp/install/lib/debug//libmetal-gloss.a(sys_sbrk.o)
 .sdata.__metal_cpu_table
                0x0000000080000a94        0x4 /home/picard/Documents/cleanflight/bsp/install/lib/debug//libmetal.a(libriscv__mmachine__sifive-hifive1-revb_a-synchronize_harts.o)
                0x0000000080000a94                __metal_cpu_table
 .sdata.__metal_dt_clint_2000000
                0x0000000080000a98        0x8 /home/picard/Documents/cleanflight/bsp/install/lib/debug//libmetal.a(libriscv__mmachine__sifive-hifive1-revb_a-inline.o)
                0x0000000080000a98                __metal_dt_clint_2000000
 .sdata.__metal_dt_cpu_0
                0x0000000080000aa0        0x4 /home/picard/Documents/cleanflight/bsp/install/lib/debug//libmetal.a(libriscv__mmachine__sifive-hifive1-revb_a-inline.o)
                0x0000000080000aa0                __metal_dt_cpu_0
 .sdata.__metal_dt_gpio_10012000
                0x0000000080000aa4        0x4 /home/picard/Documents/cleanflight/bsp/install/lib/debug//libmetal.a(libriscv__mmachine__sifive-hifive1-revb_a-inline.o)
                0x0000000080000aa4                __metal_dt_gpio_10012000
 .sdata.__metal_dt_prci_10008000
                0x0000000080000aa8        0x4 /home/picard/Documents/cleanflight/bsp/install/lib/debug//libmetal.a(libriscv__mmachine__sifive-hifive1-revb_a-inline.o)
                0x0000000080000aa8                __metal_dt_prci_10008000
 .sdata2.__metal_driver_vtable_sifive_fe310_g000_hfrosc
                0x0000000080000aac        0x8 /home/picard/Documents/cleanflight/bsp/install/lib/debug//libmetal.a(libriscv__mmachine__sifive-hifive1-revb_a-sifive_fe310-g000_hfrosc.o)
                0x0000000080000aac                __metal_driver_vtable_sifive_fe310_g000_hfrosc
 .sdata2.__metal_driver_vtable_sifive_fe310_g000_hfxosc
                0x0000000080000ab4        0x8 /home/picard/Documents/cleanflight/bsp/install/lib/debug//libmetal.a(libriscv__mmachine__sifive-hifive1-revb_a-sifive_fe310-g000_hfxosc.o)
                0x0000000080000ab4                __metal_driver_vtable_sifive_fe310_g000_hfxosc
 .sdata2.__metal_driver_vtable_sifive_fe310_g000_prci
                0x0000000080000abc        0x8 /home/picard/Documents/cleanflight/bsp/install/lib/debug//libmetal.a(libriscv__mmachine__sifive-hifive1-revb_a-sifive_fe310-g000_prci.o)
                0x0000000080000abc                __metal_driver_vtable_sifive_fe310_g000_prci
 .sdata2.__metal_driver_vtable_fixed_clock
                0x0000000080000ac4        0x8 /home/picard/Documents/cleanflight/bsp/install/lib/debug//libmetal.a(libriscv__mmachine__sifive-hifive1-revb_a-fixed-clock.o)
                0x0000000080000ac4                __metal_driver_vtable_fixed_clock
 *(.gnu.linkonce.s.*)
                0x0000000080000ad0                . = ALIGN (0x8)
 *fill*         0x0000000080000acc        0x4 
 *(.srodata.cst16)
 *(.srodata.cst8)
 *(.srodata.cst4)
 *(.srodata.cst2)
 *(.srodata .srodata.*)
                0x0000000080000ad0                . = ALIGN (0x8)
 *(.rdata)
 *(.rodata .rodata.*)
 *(.gnu.linkonce.r.*)
                0x00000000200160a0                PROVIDE (metal_segment_data_source_start = LOADADDR (.data))
                0x0000000080000000                PROVIDE (metal_segment_data_target_start = ADDR (.data))
                0x0000000080000ad0                PROVIDE (metal_segment_data_target_end = (ADDR (.data) + SIZEOF (.data)))

.bss            0x0000000080000ad0       0x9c
 *(.sbss*)
 .sbss.__malloc_free_list
                0x0000000080000ad0        0x4 /home/picard/Documents/riscv64-unknown-elf-gcc-8.3.0-2019.08.0-x86_64-linux-ubuntu14/bin/../lib/gcc/riscv64-unknown-elf/8.3.0/../../../../riscv64-unknown-elf/lib/rv32imac/ilp32/libc_nano.a(lib_a-nano-mallocr.o)
                0x0000000080000ad0                __malloc_free_list
 .sbss.__malloc_sbrk_start
                0x0000000080000ad4        0x4 /home/picard/Documents/riscv64-unknown-elf-gcc-8.3.0-2019.08.0-x86_64-linux-ubuntu14/bin/../lib/gcc/riscv64-unknown-elf/8.3.0/../../../../riscv64-unknown-elf/lib/rv32imac/ilp32/libc_nano.a(lib_a-nano-mallocr.o)
                0x0000000080000ad4                __malloc_sbrk_start
 .sbss._global_atexit
                0x0000000080000ad8        0x4 /home/picard/Documents/riscv64-unknown-elf-gcc-8.3.0-2019.08.0-x86_64-linux-ubuntu14/bin/../lib/gcc/riscv64-unknown-elf/8.3.0/../../../../riscv64-unknown-elf/lib/rv32imac/ilp32/libc_nano.a(lib_a-__call_atexit.o)
                0x0000000080000ad8                _global_atexit
 *(.gnu.linkonce.sb.*)
 *(.bss .bss.*)
 .bss._global_atexit0
                0x0000000080000adc       0x8c /home/picard/Documents/riscv64-unknown-elf-gcc-8.3.0-2019.08.0-x86_64-linux-ubuntu14/bin/../lib/gcc/riscv64-unknown-elf/8.3.0/../../../../riscv64-unknown-elf/lib/rv32imac/ilp32/libc_nano.a(lib_a-__atexit.o)
 *(.gnu.linkonce.b.*)
 *(COMMON)
 COMMON         0x0000000080000b68        0x4 /home/picard/Documents/riscv64-unknown-elf-gcc-8.3.0-2019.08.0-x86_64-linux-ubuntu14/bin/../lib/gcc/riscv64-unknown-elf/8.3.0/../../../../riscv64-unknown-elf/lib/rv32imac/ilp32/libc_nano.a(lib_a-reent.o)
                0x0000000080000b68                errno
                0x0000000080000ad0                PROVIDE (metal_segment_bss_target_start = ADDR (.bss))
                0x0000000080000b6c                PROVIDE (metal_segment_bss_target_end = (ADDR (.bss) + SIZEOF (.bss)))

.stack          0x0000000080000b6c      0x400
                [!provide]                        PROVIDE (metal_segment_stack_begin = .)
                0x0000000080000f6c                . = (. + __stack_size)
 *fill*         0x0000000080000b6c      0x400 
                0x0000000080000f6c                PROVIDE (_sp = .)
                [!provide]                        PROVIDE (metal_segment_stack_end = .)

.heap           0x0000000080000f6c      0x800
                0x0000000080000f6c                PROVIDE (metal_segment_heap_target_start = .)
                0x0000000000000800                . = __heap_size
 *fill*         0x0000000080000f6c      0x800 
                0x000000008000176c                PROVIDE (metal_segment_heap_target_end = .)
                [!provide]                        PROVIDE (_heap_end = .)
OUTPUT(hello elf32-littleriscv)

.debug_info     0x0000000000000000    0x20b68
 .debug_info    0x0000000000000000      0x92c /tmp/cc6B9DWf.o
 .debug_info    0x000000000000092c       0x22 /home/picard/Documents/cleanflight/bsp/install/lib/debug//libmetal.a(libriscv__mmachine__sifive-hifive1-revb_a-entry.o)
 .debug_info    0x000000000000094e       0x26 /home/picard/Documents/cleanflight/bsp/install/lib/debug//libmetal-gloss.a(crt0.o)
 .debug_info    0x0000000000000974      0x969 /home/picard/Documents/cleanflight/bsp/install/lib/debug//libmetal-gloss.a(sys_close.o)
 .debug_info    0x00000000000012dd      0xbac /home/picard/Documents/cleanflight/bsp/install/lib/debug//libmetal-gloss.a(sys_fstat.o)
 .debug_info    0x0000000000001e89       0xf4 /home/picard/Documents/cleanflight/bsp/install/lib/debug//libmetal-gloss.a(sys_isatty.o)
 .debug_info    0x0000000000001f7d      0x99f /home/picard/Documents/cleanflight/bsp/install/lib/debug//libmetal-gloss.a(sys_lseek.o)
 .debug_info    0x000000000000291c      0x99f /home/picard/Documents/cleanflight/bsp/install/lib/debug//libmetal-gloss.a(sys_read.o)
 .debug_info    0x00000000000032bb      0x117 /home/picard/Documents/cleanflight/bsp/install/lib/debug//libmetal-gloss.a(sys_sbrk.o)
 .debug_info    0x00000000000033d2      0xa1e /home/picard/Documents/cleanflight/bsp/install/lib/debug//libmetal-gloss.a(sys_write.o)
 .debug_info    0x0000000000003df0     0x19d5 /home/picard/Documents/cleanflight/bsp/install/lib/debug//libmetal.a(libriscv__mmachine__sifive-hifive1-revb_a-synchronize_harts.o)
 .debug_info    0x00000000000057c5     0x1a49 /home/picard/Documents/cleanflight/bsp/install/lib/debug//libmetal.a(libriscv__mmachine__sifive-hifive1-revb_a-tty.o)
 .debug_info    0x000000000000720e      0x5de /home/picard/Documents/cleanflight/bsp/install/lib/debug//libmetal.a(libriscv__mmachine__sifive-hifive1-revb_a-uart.o)
 .debug_info    0x00000000000077ec     0x19bb /home/picard/Documents/cleanflight/bsp/install/lib/debug//libmetal.a(libriscv__mmachine__sifive-hifive1-revb_a-inline.o)
 .debug_info    0x00000000000091a7     0x2064 /home/picard/Documents/cleanflight/bsp/install/lib/debug//libmetal.a(libriscv__mmachine__sifive-hifive1-revb_a-riscv_clint0.o)
 .debug_info    0x000000000000b20b     0x2ea3 /home/picard/Documents/cleanflight/bsp/install/lib/debug//libmetal.a(libriscv__mmachine__sifive-hifive1-revb_a-riscv_cpu.o)
 .debug_info    0x000000000000e0ae     0x1f08 /home/picard/Documents/cleanflight/bsp/install/lib/debug//libmetal.a(libriscv__mmachine__sifive-hifive1-revb_a-riscv_plic0.o)
 .debug_info    0x000000000000ffb6     0x1b1b /home/picard/Documents/cleanflight/bsp/install/lib/debug//libmetal.a(libriscv__mmachine__sifive-hifive1-revb_a-sifive_fe310-g000_hfrosc.o)
 .debug_info    0x0000000000011ad1     0x1b1b /home/picard/Documents/cleanflight/bsp/install/lib/debug//libmetal.a(libriscv__mmachine__sifive-hifive1-revb_a-sifive_fe310-g000_hfxosc.o)
 .debug_info    0x00000000000135ec     0x27f8 /home/picard/Documents/cleanflight/bsp/install/lib/debug//libmetal.a(libriscv__mmachine__sifive-hifive1-revb_a-sifive_fe310-g000_pll.o)
 .debug_info    0x0000000000015de4     0x1a92 /home/picard/Documents/cleanflight/bsp/install/lib/debug//libmetal.a(libriscv__mmachine__sifive-hifive1-revb_a-sifive_fe310-g000_prci.o)